Archive member included to satisfy reference by file (symbol)

C:/ST/STM32CubeIDE_1.19.0/STM32CubeIDE/plugins/com.st.stm32cube.ide.mcu.externaltools.gnu-tools-for-stm32.13.3.rel1.win32_1.0.0.202411081344/tools/bin/../lib/gcc/arm-none-eabi/13.3.1/../../../../arm-none-eabi/lib/thumb/v7e-m+fp/hard\libc_nano.a(libc_a-exit.o)
                              C:/ST/STM32CubeIDE_1.19.0/STM32CubeIDE/plugins/com.st.stm32cube.ide.mcu.externaltools.gnu-tools-for-stm32.13.3.rel1.win32_1.0.0.202411081344/tools/bin/../lib/gcc/arm-none-eabi/13.3.1/../../../../arm-none-eabi/lib/thumb/v7e-m+fp/hard/crt0.o (exit)
C:/ST/STM32CubeIDE_1.19.0/STM32CubeIDE/plugins/com.st.stm32cube.ide.mcu.externaltools.gnu-tools-for-stm32.13.3.rel1.win32_1.0.0.202411081344/tools/bin/../lib/gcc/arm-none-eabi/13.3.1/../../../../arm-none-eabi/lib/thumb/v7e-m+fp/hard\libc_nano.a(libc_a-findfp.o)
                              C:/ST/STM32CubeIDE_1.19.0/STM32CubeIDE/plugins/com.st.stm32cube.ide.mcu.externaltools.gnu-tools-for-stm32.13.3.rel1.win32_1.0.0.202411081344/tools/bin/../lib/gcc/arm-none-eabi/13.3.1/../../../../arm-none-eabi/lib/thumb/v7e-m+fp/hard\libc_nano.a(libc_a-exit.o) (__stdio_exit_handler)
C:/ST/STM32CubeIDE_1.19.0/STM32CubeIDE/plugins/com.st.stm32cube.ide.mcu.externaltools.gnu-tools-for-stm32.13.3.rel1.win32_1.0.0.202411081344/tools/bin/../lib/gcc/arm-none-eabi/13.3.1/../../../../arm-none-eabi/lib/thumb/v7e-m+fp/hard\libc_nano.a(libc_a-fwalk.o)
                              C:/ST/STM32CubeIDE_1.19.0/STM32CubeIDE/plugins/com.st.stm32cube.ide.mcu.externaltools.gnu-tools-for-stm32.13.3.rel1.win32_1.0.0.202411081344/tools/bin/../lib/gcc/arm-none-eabi/13.3.1/../../../../arm-none-eabi/lib/thumb/v7e-m+fp/hard\libc_nano.a(libc_a-findfp.o) (_fwalk_sglue)
C:/ST/STM32CubeIDE_1.19.0/STM32CubeIDE/plugins/com.st.stm32cube.ide.mcu.externaltools.gnu-tools-for-stm32.13.3.rel1.win32_1.0.0.202411081344/tools/bin/../lib/gcc/arm-none-eabi/13.3.1/../../../../arm-none-eabi/lib/thumb/v7e-m+fp/hard\libc_nano.a(libc_a-printf.o)
                              ./Core/Src/main.o (printf)
C:/ST/STM32CubeIDE_1.19.0/STM32CubeIDE/plugins/com.st.stm32cube.ide.mcu.externaltools.gnu-tools-for-stm32.13.3.rel1.win32_1.0.0.202411081344/tools/bin/../lib/gcc/arm-none-eabi/13.3.1/../../../../arm-none-eabi/lib/thumb/v7e-m+fp/hard\libc_nano.a(libc_a-puts.o)
                              ./Core/Src/main.o (puts)
C:/ST/STM32CubeIDE_1.19.0/STM32CubeIDE/plugins/com.st.stm32cube.ide.mcu.externaltools.gnu-tools-for-stm32.13.3.rel1.win32_1.0.0.202411081344/tools/bin/../lib/gcc/arm-none-eabi/13.3.1/../../../../arm-none-eabi/lib/thumb/v7e-m+fp/hard\libc_nano.a(libc_a-stdio.o)
                              C:/ST/STM32CubeIDE_1.19.0/STM32CubeIDE/plugins/com.st.stm32cube.ide.mcu.externaltools.gnu-tools-for-stm32.13.3.rel1.win32_1.0.0.202411081344/tools/bin/../lib/gcc/arm-none-eabi/13.3.1/../../../../arm-none-eabi/lib/thumb/v7e-m+fp/hard\libc_nano.a(libc_a-findfp.o) (__sread)
C:/ST/STM32CubeIDE_1.19.0/STM32CubeIDE/plugins/com.st.stm32cube.ide.mcu.externaltools.gnu-tools-for-stm32.13.3.rel1.win32_1.0.0.202411081344/tools/bin/../lib/gcc/arm-none-eabi/13.3.1/../../../../arm-none-eabi/lib/thumb/v7e-m+fp/hard\libc_nano.a(libc_a-wbuf.o)
                              C:/ST/STM32CubeIDE_1.19.0/STM32CubeIDE/plugins/com.st.stm32cube.ide.mcu.externaltools.gnu-tools-for-stm32.13.3.rel1.win32_1.0.0.202411081344/tools/bin/../lib/gcc/arm-none-eabi/13.3.1/../../../../arm-none-eabi/lib/thumb/v7e-m+fp/hard\libc_nano.a(libc_a-puts.o) (__swbuf_r)
C:/ST/STM32CubeIDE_1.19.0/STM32CubeIDE/plugins/com.st.stm32cube.ide.mcu.externaltools.gnu-tools-for-stm32.13.3.rel1.win32_1.0.0.202411081344/tools/bin/../lib/gcc/arm-none-eabi/13.3.1/../../../../arm-none-eabi/lib/thumb/v7e-m+fp/hard\libc_nano.a(libc_a-wsetup.o)
                              C:/ST/STM32CubeIDE_1.19.0/STM32CubeIDE/plugins/com.st.stm32cube.ide.mcu.externaltools.gnu-tools-for-stm32.13.3.rel1.win32_1.0.0.202411081344/tools/bin/../lib/gcc/arm-none-eabi/13.3.1/../../../../arm-none-eabi/lib/thumb/v7e-m+fp/hard\libc_nano.a(libc_a-puts.o) (__swsetup_r)
C:/ST/STM32CubeIDE_1.19.0/STM32CubeIDE/plugins/com.st.stm32cube.ide.mcu.externaltools.gnu-tools-for-stm32.13.3.rel1.win32_1.0.0.202411081344/tools/bin/../lib/gcc/arm-none-eabi/13.3.1/../../../../arm-none-eabi/lib/thumb/v7e-m+fp/hard\libc_nano.a(libc_a-memcmp.o)
                              ./sdrec/source/sdrec_layout_v3.o (memcmp)
C:/ST/STM32CubeIDE_1.19.0/STM32CubeIDE/plugins/com.st.stm32cube.ide.mcu.externaltools.gnu-tools-for-stm32.13.3.rel1.win32_1.0.0.202411081344/tools/bin/../lib/gcc/arm-none-eabi/13.3.1/../../../../arm-none-eabi/lib/thumb/v7e-m+fp/hard\libc_nano.a(libc_a-memset.o)
                              C:/ST/STM32CubeIDE_1.19.0/STM32CubeIDE/plugins/com.st.stm32cube.ide.mcu.externaltools.gnu-tools-for-stm32.13.3.rel1.win32_1.0.0.202411081344/tools/bin/../lib/gcc/arm-none-eabi/13.3.1/../../../../arm-none-eabi/lib/thumb/v7e-m+fp/hard/crt0.o (memset)
[...]
Memory Configuration

Name             Origin             Length             Attributes
RAM              0x20000000         0x00020000         xrw
FLASH            0x08000000         0x00080000         xr
*default*        0x00000000         0xffffffff

Linker script and memory map

LOAD C:/ST/STM32CubeIDE_1.19.0/STM32CubeIDE/plugins/com.st.stm32cube.ide.mcu.externaltools.gnu-tools-for-stm32.13.3.rel1.win32_1.0.0.202411081344/tools/bin/../lib/gcc/arm-none-eabi/13.3.1/thumb/v7e-m+fp/hard/crti.o
LOAD C:/ST/STM32CubeIDE_1.19.0/STM32CubeIDE/plugins/com.st.stm32cube.ide.mcu.externaltools.gnu-tools-for-stm32.13.3.rel1.win32_1.0.0.202411081344/tools/bin/../lib/gcc/arm-none-eabi/13.3.1/thumb/v7e-m+fp/hard/crtbegin.o
LOAD C:/ST/STM32CubeIDE_1.19.0/STM32CubeIDE/plugins/com.st.stm32cube.ide.mcu.externaltools.gnu-tools-for-stm32.13.3.rel1.win32_1.0.0.202411081344/tools/bin/../lib/gcc/arm-none-eabi/13.3.1/../../../../arm-none-eabi/lib/thumb/v7e-m+fp/hard/crt0.o
LOAD ./Core/Src/dma.o
LOAD ./Core/Src/gpio.o
LOAD ./Core/Src/main.o
LOAD ./Core/Src/sdio.o
LOAD ./Core/Src/stm32f4xx_hal_msp.o
LOAD ./Core/Src/stm32f4xx_it.o
LOAD ./Core/Src/syscalls.o
LOAD ./Core/Src/sysmem.o
LOAD ./Core/Src/system_stm32f4xx.o
LOAD ./Core/Src/usart.o
LOAD ./Core/Startup/startup_stm32f411retx.o
LOAD ./Drivers/STM32F4xx_HAL_Driver/Src/stm32f4xx_hal.o
LOAD ./Drivers/STM32F4xx_HAL_Driver/Src/stm32f4xx_hal_cortex.o
LOAD ./Drivers/STM32F4xx_HAL_Driver/Src/stm32f4xx_hal_dma.o
LOAD ./Drivers/STM32F4xx_HAL_Driver/Src/stm32f4xx_hal_dma_ex.o
LOAD ./Drivers/STM32F4xx_HAL_Driver/Src/stm32f4xx_hal_exti.o
LOAD ./Drivers/STM32F4xx_HAL_Driver/Src/stm32f4xx_hal_flash.o
LOAD ./Drivers/STM32F4xx_HAL_Driver/Src/stm32f4xx_hal_flash_ex.o
LOAD ./Drivers/STM32F4xx_HAL_Driver/Src/stm32f4xx_hal_flash_ramfunc.o
LOAD ./Drivers/STM32F4xx_HAL_Driver/Src/stm32f4xx_hal_gpio.o
LOAD ./Drivers/STM32F4xx_HAL_Driver/Src/stm32f4xx_hal_mmc.o
LOAD ./Drivers/STM32F4xx_HAL_Driver/Src/stm32f4xx_hal_pwr.o
LOAD ./Drivers/STM32F4xx_HAL_Driver/Src/stm32f4xx_hal_pwr_ex.o
LOAD ./Drivers/STM32F4xx_HAL_Driver/Src/stm32f4xx_hal_rcc.o
LOAD ./Drivers/STM32F4xx_HAL_Driver/Src/stm32f4xx_hal_rcc_ex.o
LOAD ./Drivers/STM32F4xx_HAL_Driver/Src/stm32f4xx_hal_sd.o
LOAD ./Drivers/STM32F4xx_HAL_Driver/Src/stm32f4xx_hal_uart.o
LOAD ./Drivers/STM32F4xx_HAL_Driver/Src/stm32f4xx_ll_sdmmc.o
LOAD ./sdrec/source/sdrec_card_port.o
LOAD ./sdrec/source/sdrec_crc32.o
LOAD ./sdrec/source/sdrec_layout_v3.o
LOAD ./sdrec/source/sdrec_pipe.o
LOAD ./sdrec/source/sdrec_runtime.o
LOAD ./sdrec/source/sdrec_sink.o
LOAD ./sdrec/source/sdrec_source_api.o
LOAD ./sdrec/source/sdrec_source_dummy_cpu.o
LOAD ./sdrec/source/sdrec_source_wave_dma.o
LOAD ./sdrec/source/sdrec_source_wave_table.o
LOAD ./sdrec/source/sdrec_source_wave_table_data.o
START GROUP
LOAD C:/ST/STM32CubeIDE_1.19.0/STM32CubeIDE/plugins/com.st.stm32cube.ide.mcu.externaltools.gnu-tools-for-stm32.13.3.rel1.win32_1.0.0.202411081344/tools/bin/../lib/gcc/arm-none-eabi/13.3.1/../../../../arm-none-eabi/lib/thumb/v7e-m+fp/hard\libc_nano.a
LOAD C:/ST/STM32CubeIDE_1.19.0/STM32CubeIDE/plugins/com.st.stm32cube.ide.mcu.externaltools.gnu-tools-for-stm32.13.3.rel1.win32_1.0.0.202411081344/tools/bin/../lib/gcc/arm-none-eabi/13.3.1/../../../../arm-none-eabi/lib/thumb/v7e-m+fp/hard\libm.a
END GROUP
START GROUP
LOAD C:/ST/STM32CubeIDE_1.19.0/STM32CubeIDE/plugins/com.st.stm32cube.ide.mcu.externaltools.gnu-tools-for-stm32.13.3.rel1.win32_1.0.0.202411081344/tools/bin/../lib/gcc/arm-none-eabi/13.3.1/thumb/v7e-m+fp/hard\libgcc.a
LOAD C:/ST/STM32CubeIDE_1.19.0/STM32CubeIDE/plugins/com.st.stm32cube.ide.mcu.externaltools.gnu-tools-for-stm32.13.3.rel1.win32_1.0.0.202411081344/tools/bin/../lib/gcc/arm-none-eabi/13.3.1/../../../../arm-none-eabi/lib/thumb/v7e-m+fp/hard\libc_nano.a
END GROUP
START GROUP
LOAD C:/ST/STM32CubeIDE_1.19.0/STM32CubeIDE/plugins/com.st.stm32cube.ide.mcu.externaltools.gnu-tools-for-stm32.13.3.rel1.win32_1.0.0.202411081344/tools/bin/../lib/gcc/arm-none-eabi/13.3.1/thumb/v7e-m+fp/hard\libgcc.a
LOAD C:/ST/STM32CubeIDE_1.19.0/STM32CubeIDE/plugins/com.st.stm32cube.ide.mcu.externaltools.gnu-tools-for-stm32.13.3.rel1.win32_1.0.0.202411081344/tools/bin/../lib/gcc/arm-none-eabi/13.3.1/../../../../arm-none-eabi/lib/thumb/v7e-m+fp/hard\libc_nano.a
LOAD C:/ST/STM32CubeIDE_1.19.0/STM32CubeIDE/plugins/com.st.stm32cube.ide.mcu.externaltools.gnu-tools-for-stm32.13.3.rel1.win32_1.0.0.202411081344/tools/bin/../lib/gcc/arm-none-eabi/13.3.1/../../../../arm-none-eabi/lib/thumb/v7e-m+fp/hard\libnosys.a
END GROUP
START GROUP
LOAD C:/ST/STM32CubeIDE_1.19.0/STM32CubeIDE/plugins/com.st.stm32cube.ide.mcu.externaltools.gnu-tools-for-stm32.13.3.rel1.win32_1.0.0.202411081344/tools/bin/../lib/gcc/arm-none-eabi/13.3.1/thumb/v7e-m+fp/hard\libgcc.a
LOAD C:/ST/STM32CubeIDE_1.19.0/STM32CubeIDE/plugins/com.st.stm32cube.ide.mcu.externaltools.gnu-tools-for-stm32.13.3.rel1.win32_1.0.0.202411081344/tools/bin/../lib/gcc/arm-none-eabi/13.3.1/../../../../arm-none-eabi/lib/thumb/v7e-m+fp/hard\libc_nano.a
LOAD C:/ST/STM32CubeIDE_1.19.0/STM32CubeIDE/plugins/com.st.stm32cube.ide.mcu.externaltools.gnu-tools-for-stm32.13.3.rel1.win32_1.0.0.202411081344/tools/bin/../lib/gcc/arm-none-eabi/13.3.1/../../../../arm-none-eabi/lib/thumb/v7e-m+fp/hard\libnosys.a
END GROUP
LOAD C:/ST/STM32CubeIDE_1.19.0/STM32CubeIDE/plugins/com.st.stm32cube.ide.mcu.externaltools.gnu-tools-for-stm32.13.3.rel1.win32_1.0.0.202411081344/tools/bin/../lib/gcc/arm-none-eabi/13.3.1/thumb/v7e-m+fp/hard/crtend.o
LOAD C:/ST/STM32CubeIDE_1.19.0/STM32CubeIDE/plugins/com.st.stm32cube.ide.mcu.externaltools.gnu-tools-for-stm32.13.3.rel1.win32_1.0.0.202411081344/tools/bin/../lib/gcc/arm-none-eabi/13.3.1/thumb/v7e-m+fp/hard/crtn.o
                0x20020000                        _estack = (ORIGIN (RAM) + LENGTH (RAM))
                0x00000200                        _Min_Heap_Size = 0x200
                0x00000400                        _Min_Stack_Size = 0x400

.isr_vector     0x08000000      0x198
                0x08000000                        . = ALIGN (0x4)
 *(.isr_vector)
 .isr_vector    0x08000000      0x198 ./Core/Startup/startup_stm32f411retx.o
                0x08000000                g_pfnVectors
                0x08000198                        . = ALIGN (0x4)

.text           0x080001a0     0x8ccc
                0x080001a0                        . = ALIGN (0x4)
 *(.text)
 .text          0x080001a0       0x40 C:/ST/STM32CubeIDE_1.19.0/STM32CubeIDE/plugins/com.st.stm32cube.ide.mcu.externaltools.gnu-tools-for-stm32.13.3.rel1.win32_1.0.0.202411081344/tools/bin/../lib/gcc/arm-none-eabi/13.3.1/thumb/v7e-m+fp/hard/crtbegin.o
 .text          0x080001e0       0xa0 C:/ST/STM32CubeIDE_1.19.0/STM32CubeIDE/plugins/com.st.stm32cube.ide.mcu.externaltools.gnu-tools-for-stm32.13.3.rel1.win32_1.0.0.202411081344/tools/bin/../lib/gcc/arm-none-eabi/13.3.1/../../../../arm-none-eabi/lib/thumb/v7e-m+fp/hard\libc_nano.a(libc_a-memchr.o)
                0x080001e0                memchr
 .text          0x08000280       0x30 C:/ST/STM32CubeIDE_1.19.0/STM32CubeIDE/plugins/com.st.stm32cube.ide.mcu.externaltools.gnu-tools-for-stm32.13.3.rel1.win32_1.0.0.202411081344/tools/bin/../lib/gcc/arm-none-eabi/13.3.1/thumb/v7e-m+fp/hard\libgcc.a(_aeabi_uldivmod.o)
                0x08000280                __aeabi_uldivmod
 .text          0x080002b0      0x2f8 C:/ST/STM32CubeIDE_1.19.0/STM32CubeIDE/plugins/com.st.stm32cube.ide.mcu.externaltools.gnu-tools-for-stm32.13.3.rel1.win32_1.0.0.202411081344/tools/bin/../lib/gcc/arm-none-eabi/13.3.1/thumb/v7e-m+fp/hard\libgcc.a(_udivmoddi4.o)
                0x080002b0                __udivmoddi4
 .text          0x080005a8        0x4 C:/ST/STM32CubeIDE_1.19.0/STM32CubeIDE/plugins/com.st.stm32cube.ide.mcu.externaltools.gnu-tools-for-stm32.13.3.rel1.win32_1.0.0.202411081344/tools/bin/../lib/gcc/arm-none-eabi/13.3.1/thumb/v7e-m+fp/hard\libgcc.a(_dvmd_tls.o)
                0x080005a8                __aeabi_idiv0
                0x080005a8                __aeabi_ldiv0
 *(.text*)
 .text.MX_DMA_Init
                0x080005ac       0x50 ./Core/Src/dma.o
                0x080005ac                MX_DMA_Init
 .text.MX_GPIO_Init
                0x080005fc       0xf8 ./Core/Src/gpio.o
                0x080005fc                MX_GPIO_Init
 .text.AppSdrec_FillRuntimeCfg
                0x080006f4       0x58 ./Core/Src/main.o
 .text.AppSdrec_ConfigWaveTable
                0x0800074c       0x1c ./Core/Src/main.o
 .text.App_Init
                0x08000768       0x20 ./Core/Src/main.o
 .text.App_Fatal
                0x08000788       0x30 ./Core/Src/main.o
 .text.App_PrintCommitReport
                0x080007b8       0x8c ./Core/Src/main.o
 .text.__io_putchar
                0x08000844       0x24 ./Core/Src/main.o
                0x08000844                __io_putchar
 .text.main     0x08000868       0xe8 ./Core/Src/main.o
                0x08000868                main
 .text.SystemClock_Config
                0x08000950       0xd4 ./Core/Src/main.o
                0x08000950                SystemClock_Config
 .text.Error_Handler
                0x08000a24        0xc ./Core/Src/main.o
                0x08000a24                Error_Handler
 .text.MX_SDIO_SD_Init
                0x08000a30       0x60 ./Core/Src/sdio.o
                0x08000a30                MX_SDIO_SD_Init
 .text.HAL_SD_MspInit
                0x08000a90      0x200 ./Core/Src/sdio.o
                0x08000a90                HAL_SD_MspInit
 .text.HAL_SD_MspDeInit
                0x08000c90       0x64 ./Core/Src/sdio.o
                0x08000c90                HAL_SD_MspDeInit
 .text.HAL_MspInit
                0x08000cf4       0x50 ./Core/Src/stm32f4xx_hal_msp.o
                0x08000cf4                HAL_MspInit
 .text.NMI_Handler
                0x08000d44        0x8 ./Core/Src/stm32f4xx_it.o
                0x08000d44                NMI_Handler
 .text.HardFault_Handler
                0x08000d4c        0x8 ./Core/Src/stm32f4xx_it.o
                0x08000d4c                HardFault_Handler
 .text.MemManage_Handler
                0x08000d54        0x8 ./Core/Src/stm32f4xx_it.o
                0x08000d54                MemManage_Handler
 .text.BusFault_Handler
                0x08000d5c        0x8 ./Core/Src/stm32f4xx_it.o
                0x08000d5c                BusFault_Handler
 .text.UsageFault_Handler
                0x08000d64        0x8 ./Core/Src/stm32f4xx_it.o
                0x08000d64                UsageFault_Handler
 .text.SVC_Handler
                0x08000d6c        0xe ./Core/Src/stm32f4xx_it.o
                0x08000d6c                SVC_Handler
 .text.DebugMon_Handler
                0x08000d7a        0xe ./Core/Src/stm32f4xx_it.o
                0x08000d7a                DebugMon_Handler
 .text.PendSV_Handler
                0x08000d88        0xe ./Core/Src/stm32f4xx_it.o
                0x08000d88                PendSV_Handler
 .text.SysTick_Handler
                0x08000d96        0xc ./Core/Src/stm32f4xx_it.o
                0x08000d96                SysTick_Handler
 *fill*         0x08000da2        0x2 
 .text.SDIO_IRQHandler
                0x08000da4       0x14 ./Core/Src/stm32f4xx_it.o
                0x08000da4                SDIO_IRQHandler
 .text.DMA2_Stream3_IRQHandler
                0x08000db8       0x14 ./Core/Src/stm32f4xx_it.o
                0x08000db8                DMA2_Stream3_IRQHandler
 .text.DMA2_Stream6_IRQHandler
                0x08000dcc       0x14 ./Core/Src/stm32f4xx_it.o
                0x08000dcc                DMA2_Stream6_IRQHandler
 .text._read    0x08000de0       0x3a ./Core/Src/syscalls.o
                0x08000de0                _read
 .text._write   0x08000e1a       0x38 ./Core/Src/syscalls.o
                0x08000e1a                _write
 .text._close   0x08000e52       0x18 ./Core/Src/syscalls.o
                0x08000e52                _close
 .text._fstat   0x08000e6a       0x20 ./Core/Src/syscalls.o
                0x08000e6a                _fstat
 .text._isatty  0x08000e8a       0x16 ./Core/Src/syscalls.o
                0x08000e8a                _isatty
 .text._lseek   0x08000ea0       0x1a ./Core/Src/syscalls.o
                0x08000ea0                _lseek
 *fill*         0x08000eba        0x2 
 .text._sbrk    0x08000ebc       0x6c ./Core/Src/sysmem.o
                0x08000ebc                _sbrk
 .text.SystemInit
                0x08000f28       0x24 ./Core/Src/system_stm32f4xx.o
                0x08000f28                SystemInit
 .text.MX_USART2_UART_Init
                0x08000f4c       0x54 ./Core/Src/usart.o
                0x08000f4c                MX_USART2_UART_Init
 .text.HAL_UART_MspInit
                0x08000fa0       0x90 ./Core/Src/usart.o
                0x08000fa0                HAL_UART_MspInit
 .text.Reset_Handler
                0x08001030       0x50 ./Core/Startup/startup_stm32f411retx.o
                0x08001030                Reset_Handler
 .text.Default_Handler
                0x08001080        0x2 ./Core/Startup/startup_stm32f411retx.o
                0x08001080                RTC_Alarm_IRQHandler
                0x08001080                EXTI2_IRQHandler
                0x08001080                SPI4_IRQHandler
                0x08001080                TIM1_CC_IRQHandler
                0x08001080                DMA2_Stream5_IRQHandler
                0x08001080                DMA1_Stream5_IRQHandler
                0x08001080                PVD_IRQHandler
                0x08001080                TAMP_STAMP_IRQHandler
                0x08001080                EXTI3_IRQHandler
                0x08001080                TIM1_UP_TIM10_IRQHandler
                0x08001080                I2C3_ER_IRQHandler
                0x08001080                EXTI0_IRQHandler
                0x08001080                I2C2_EV_IRQHandler
                0x08001080                DMA1_Stream2_IRQHandler
                0x08001080                FPU_IRQHandler
                0x08001080                DMA2_Stream2_IRQHandler
                0x08001080                SPI1_IRQHandler
                0x08001080                TIM1_BRK_TIM9_IRQHandler
                0x08001080                USART6_IRQHandler
                0x08001080                DMA2_Stream0_IRQHandler
                0x08001080                TIM4_IRQHandler
                0x08001080                I2C1_EV_IRQHandler
                0x08001080                DMA1_Stream6_IRQHandler
                0x08001080                DMA1_Stream1_IRQHandler
                0x08001080                TIM3_IRQHandler
                0x08001080                RCC_IRQHandler
                0x08001080                Default_Handler
                0x08001080                EXTI15_10_IRQHandler
                0x08001080                ADC_IRQHandler
                0x08001080                DMA1_Stream7_IRQHandler
                0x08001080                SPI5_IRQHandler
                0x08001080                TIM5_IRQHandler
                0x08001080                DMA2_Stream7_IRQHandler
                0x08001080                I2C3_EV_IRQHandler
                0x08001080                EXTI9_5_IRQHandler
                0x08001080                RTC_WKUP_IRQHandler
                0x08001080                SPI2_IRQHandler
                0x08001080                DMA1_Stream0_IRQHandler
                0x08001080                EXTI4_IRQHandler
                0x08001080                WWDG_IRQHandler
                0x08001080                TIM2_IRQHandler
                0x08001080                OTG_FS_WKUP_IRQHandler
                0x08001080                TIM1_TRG_COM_TIM11_IRQHandler
                0x08001080                EXTI1_IRQHandler
                0x08001080                USART2_IRQHandler
                0x08001080                I2C2_ER_IRQHandler
                0x08001080                DMA2_Stream1_IRQHandler
                0x08001080                FLASH_IRQHandler
                0x08001080                DMA2_Stream4_IRQHandler
                0x08001080                USART1_IRQHandler
                0x08001080                OTG_FS_IRQHandler
                0x08001080                SPI3_IRQHandler
                0x08001080                DMA1_Stream4_IRQHandler
                0x08001080                I2C1_ER_IRQHandler
                0x08001080                DMA1_Stream3_IRQHandler
 *fill*         0x08001082        0x2 
 .text.HAL_Init
                0x08001084       0x44 ./Drivers/STM32F4xx_HAL_Driver/Src/stm32f4xx_hal.o
                0x08001084                HAL_Init
 .text.HAL_InitTick
                0x080010c8       0x60 ./Drivers/STM32F4xx_HAL_Driver/Src/stm32f4xx_hal.o
                0x080010c8                HAL_InitTick
 .text.HAL_IncTick
                0x08001128       0x28 ./Drivers/STM32F4xx_HAL_Driver/Src/stm32f4xx_hal.o
                0x08001128                HAL_IncTick
 .text.HAL_GetTick
                0x08001150       0x18 ./Drivers/STM32F4xx_HAL_Driver/Src/stm32f4xx_hal.o
                0x08001150                HAL_GetTick
 .text.HAL_Delay
                0x08001168       0x48 ./Drivers/STM32F4xx_HAL_Driver/Src/stm32f4xx_hal.o
                0x08001168                HAL_Delay
 .text.__NVIC_SetPriorityGrouping
                0x080011b0       0x48 ./Drivers/STM32F4xx_HAL_Driver/Src/stm32f4xx_hal_cortex.o
 .text.__NVIC_GetPriorityGrouping
                0x080011f8       0x1c ./Drivers/STM32F4xx_HAL_Driver/Src/stm32f4xx_hal_cortex.o
 .text.__NVIC_EnableIRQ
                0x08001214       0x3c ./Drivers/STM32F4xx_HAL_Driver/Src/stm32f4xx_hal_cortex.o
 .text.__NVIC_DisableIRQ
                0x08001250       0x48 ./Drivers/STM32F4xx_HAL_Driver/Src/stm32f4xx_hal_cortex.o
 .text.__NVIC_SetPriority
                0x08001298       0x54 ./Drivers/STM32F4xx_HAL_Driver/Src/stm32f4xx_hal_cortex.o
 .text.NVIC_EncodePriority
                0x080012ec       0x66 ./Drivers/STM32F4xx_HAL_Driver/Src/stm32f4xx_hal_cortex.o
 *fill*         0x08001352        0x2 
 .text.SysTick_Config
                0x08001354       0x44 ./Drivers/STM32F4xx_HAL_Driver/Src/stm32f4xx_hal_cortex.o
 .text.HAL_NVIC_SetPriorityGrouping
                0x08001398       0x16 ./Drivers/STM32F4xx_HAL_Driver/Src/stm32f4xx_hal_cortex.o
                0x08001398                HAL_NVIC_SetPriorityGrouping
 .text.HAL_NVIC_SetPriority
                0x080013ae       0x38 ./Drivers/STM32F4xx_HAL_Driver/Src/stm32f4xx_hal_cortex.o
                0x080013ae                HAL_NVIC_SetPriority
 .text.HAL_NVIC_EnableIRQ
                0x080013e6       0x1c ./Drivers/STM32F4xx_HAL_Driver/Src/stm32f4xx_hal_cortex.o
                0x080013e6                HAL_NVIC_EnableIRQ
 .text.HAL_NVIC_DisableIRQ
                0x08001402       0x1c ./Drivers/STM32F4xx_HAL_Driver/Src/stm32f4xx_hal_cortex.o
                0x08001402                HAL_NVIC_DisableIRQ
 .text.HAL_SYSTICK_Config
                0x0800141e       0x18 ./Drivers/STM32F4xx_HAL_Driver/Src/stm32f4xx_hal_cortex.o
                0x0800141e                HAL_SYSTICK_Config
 *fill*         0x08001436        0x2 
 .text.HAL_DMA_Init
                0x08001438      0x15c ./Drivers/STM32F4xx_HAL_Driver/Src/stm32f4xx_hal_dma.o
                0x08001438                HAL_DMA_Init
 .text.HAL_DMA_DeInit
                0x08001594       0xbc ./Drivers/STM32F4xx_HAL_Driver/Src/stm32f4xx_hal_dma.o
                0x08001594                HAL_DMA_DeInit
 .text.HAL_DMA_Start_IT
                0x08001650       0xb0 ./Drivers/STM32F4xx_HAL_Driver/Src/stm32f4xx_hal_dma.o
                0x08001650                HAL_DMA_Start_IT
 .text.HAL_DMA_Abort
                0x08001700       0xe0 ./Drivers/STM32F4xx_HAL_Driver/Src/stm32f4xx_hal_dma.o
                0x08001700                HAL_DMA_Abort
 .text.HAL_DMA_Abort_IT
                0x080017e0       0x44 ./Drivers/STM32F4xx_HAL_Driver/Src/stm32f4xx_hal_dma.o
                0x080017e0                HAL_DMA_Abort_IT
 .text.HAL_DMA_IRQHandler
                0x08001824      0x314 ./Drivers/STM32F4xx_HAL_Driver/Src/stm32f4xx_hal_dma.o
                0x08001824                HAL_DMA_IRQHandler
 .text.HAL_DMA_GetError
                0x08001b38       0x18 ./Drivers/STM32F4xx_HAL_Driver/Src/stm32f4xx_hal_dma.o
                0x08001b38                HAL_DMA_GetError
 .text.DMA_SetConfig
                0x08001b50       0x5c ./Drivers/STM32F4xx_HAL_Driver/Src/stm32f4xx_hal_dma.o
 .text.DMA_CalcBaseAndBitshift
                0x08001bac       0x6c ./Drivers/STM32F4xx_HAL_Driver/Src/stm32f4xx_hal_dma.o
 .text.DMA_CheckFifoParam
                0x08001c18       0xf8 ./Drivers/STM32F4xx_HAL_Driver/Src/stm32f4xx_hal_dma.o
 .text.HAL_GPIO_Init
                0x08001d10      0x308 ./Drivers/STM32F4xx_HAL_Driver/Src/stm32f4xx_hal_gpio.o
                0x08001d10                HAL_GPIO_Init
 .text.HAL_GPIO_DeInit
                0x08002018      0x1c8 ./Drivers/STM32F4xx_HAL_Driver/Src/stm32f4xx_hal_gpio.o
                0x08002018                HAL_GPIO_DeInit
 .text.HAL_GPIO_WritePin
                0x080021e0       0x32 ./Drivers/STM32F4xx_HAL_Driver/Src/stm32f4xx_hal_gpio.o
                0x080021e0                HAL_GPIO_WritePin
 *fill*         0x08002212        0x2 
 .text.HAL_RCC_OscConfig
                0x08002214      0x4f0 ./Drivers/STM32F4xx_HAL_Driver/Src/stm32f4xx_hal_rcc.o
                0x08002214                HAL_RCC_OscConfig
 .text.HAL_RCC_ClockConfig
                0x08002704      0x1cc ./Drivers/STM32F4xx_HAL_Driver/Src/stm32f4xx_hal_rcc.o
                0x08002704                HAL_RCC_ClockConfig
 .text.HAL_RCC_GetSysClockFreq
                0x080028d0      0x20c ./Drivers/STM32F4xx_HAL_Driver/Src/stm32f4xx_hal_rcc.o
                0x080028d0                HAL_RCC_GetSysClockFreq
 .text.HAL_RCC_GetHCLKFreq
                0x08002adc       0x18 ./Drivers/STM32F4xx_HAL_Driver/Src/stm32f4xx_hal_rcc.o
                0x08002adc                HAL_RCC_GetHCLKFreq
 .text.HAL_RCC_GetPCLK1Freq
                0x08002af4       0x28 ./Drivers/STM32F4xx_HAL_Driver/Src/stm32f4xx_hal_rcc.o
                0x08002af4                HAL_RCC_GetPCLK1Freq
 .text.HAL_RCC_GetPCLK2Freq
                0x08002b1c       0x28 ./Drivers/STM32F4xx_HAL_Driver/Src/stm32f4xx_hal_rcc.o
                0x08002b1c                HAL_RCC_GetPCLK2Freq
 .text.HAL_SD_Init
                0x08002b44       0x60 ./Drivers/STM32F4xx_HAL_Driver/Src/stm32f4xx_hal_sd.o
                0x08002b44                HAL_SD_Init
 .text.HAL_SD_InitCard
                0x08002ba4       0xf0 ./Drivers/STM32F4xx_HAL_Driver/Src/stm32f4xx_hal_sd.o
                0x08002ba4                HAL_SD_InitCard
 .text.HAL_SD_DeInit
                0x08002c94       0x3e ./Drivers/STM32F4xx_HAL_Driver/Src/stm32f4xx_hal_sd.o
                0x08002c94                HAL_SD_DeInit
 *fill*         0x08002cd2        0x2 
 .text.HAL_SD_ReadBlocks
                0x08002cd4      0x3cc ./Drivers/STM32F4xx_HAL_Driver/Src/stm32f4xx_hal_sd.o
                0x08002cd4                HAL_SD_ReadBlocks
 .text.HAL_SD_WriteBlocks_DMA
                0x080030a0      0x1cc ./Drivers/STM32F4xx_HAL_Driver/Src/stm32f4xx_hal_sd.o
                0x080030a0                HAL_SD_WriteBlocks_DMA
 .text.HAL_SD_IRQHandler
                0x0800326c      0x30c ./Drivers/STM32F4xx_HAL_Driver/Src/stm32f4xx_hal_sd.o
                0x0800326c                HAL_SD_IRQHandler
 .text.HAL_SD_GetError
                0x08003578       0x18 ./Drivers/STM32F4xx_HAL_Driver/Src/stm32f4xx_hal_sd.o
                0x08003578                HAL_SD_GetError
 .text.HAL_SD_AbortCallback
                0x08003590       0x14 ./Drivers/STM32F4xx_HAL_Driver/Src/stm32f4xx_hal_sd.o
                0x08003590                HAL_SD_AbortCallback
 .text.HAL_SD_GetCardCSD
                0x080035a4      0x348 ./Drivers/STM32F4xx_HAL_Driver/Src/stm32f4xx_hal_sd.o
                0x080035a4                HAL_SD_GetCardCSD
 .text.HAL_SD_GetCardInfo
                0x080038ec       0x58 ./Drivers/STM32F4xx_HAL_Driver/Src/stm32f4xx_hal_sd.o
                0x080038ec                HAL_SD_GetCardInfo
 .text.HAL_SD_ConfigWideBusOperation
                0x08003944      0x134 ./Drivers/STM32F4xx_HAL_Driver/Src/stm32f4xx_hal_sd.o
                0x08003944                HAL_SD_ConfigWideBusOperation
 .text.HAL_SD_GetCardState
                0x08003a78       0x40 ./Drivers/STM32F4xx_HAL_Driver/Src/stm32f4xx_hal_sd.o
                0x08003a78                HAL_SD_GetCardState
 .text.HAL_SD_Abort
                0x08003ab8       0xfc ./Drivers/STM32F4xx_HAL_Driver/Src/stm32f4xx_hal_sd.o
                0x08003ab8                HAL_SD_Abort
 .text.SD_DMATransmitCplt
                0x08003bb4       0x2a ./Drivers/STM32F4xx_HAL_Driver/Src/stm32f4xx_hal_sd.o
 *fill*         0x08003bde        0x2 
 .text.SD_DMAError
                0x08003be0       0xa4 ./Drivers/STM32F4xx_HAL_Driver/Src/stm32f4xx_hal_sd.o
 .text.SD_DMATxAbort
                0x08003c84       0x6e ./Drivers/STM32F4xx_HAL_Driver/Src/stm32f4xx_hal_sd.o
 .text.SD_DMARxAbort
                0x08003cf2       0x6e ./Drivers/STM32F4xx_HAL_Driver/Src/stm32f4xx_hal_sd.o
 .text.SD_InitCard
                0x08003d60      0x19c ./Drivers/STM32F4xx_HAL_Driver/Src/stm32f4xx_hal_sd.o
 .text.SD_PowerON
                0x08003efc      0x11c ./Drivers/STM32F4xx_HAL_Driver/Src/stm32f4xx_hal_sd.o
 .text.SD_PowerOFF
                0x08004018       0x1a ./Drivers/STM32F4xx_HAL_Driver/Src/stm32f4xx_hal_sd.o
 .text.SD_SendStatus
                0x08004032       0x50 ./Drivers/STM32F4xx_HAL_Driver/Src/stm32f4xx_hal_sd.o
 .text.SD_WideBus_Enable
                0x08004082       0x96 ./Drivers/STM32F4xx_HAL_Driver/Src/stm32f4xx_hal_sd.o
 .text.SD_WideBus_Disable
                0x08004118       0x96 ./Drivers/STM32F4xx_HAL_Driver/Src/stm32f4xx_hal_sd.o
 .text.SD_FindSCR
                0x080041ae      0x1b4 ./Drivers/STM32F4xx_HAL_Driver/Src/stm32f4xx_hal_sd.o
 .text.SD_Read_IT
                0x08004362       0xa2 ./Drivers/STM32F4xx_HAL_Driver/Src/stm32f4xx_hal_sd.o
 .text.SD_Write_IT
                0x08004404       0xaa ./Drivers/STM32F4xx_HAL_Driver/Src/stm32f4xx_hal_sd.o
 .text.HAL_UART_Init
                0x080044ae       0xa0 ./Drivers/STM32F4xx_HAL_Driver/Src/stm32f4xx_hal_uart.o
                0x080044ae                HAL_UART_Init
 .text.HAL_UART_Transmit
                0x0800454e      0x116 ./Drivers/STM32F4xx_HAL_Driver/Src/stm32f4xx_hal_uart.o
                0x0800454e                HAL_UART_Transmit
 .text.UART_WaitOnFlagUntilTimeout
                0x08004664       0xb2 ./Drivers/STM32F4xx_HAL_Driver/Src/stm32f4xx_hal_uart.o
 .text.UART_EndRxTransfer
                0x08004716       0xc6 ./Drivers/STM32F4xx_HAL_Driver/Src/stm32f4xx_hal_uart.o
 .text.UART_SetConfig
                0x080047dc      0x4e8 ./Drivers/STM32F4xx_HAL_Driver/Src/stm32f4xx_hal_uart.o
 .text.SDIO_Init
                0x08004cc4       0x56 ./Drivers/STM32F4xx_HAL_Driver/Src/stm32f4xx_ll_sdmmc.o
                0x08004cc4                SDIO_Init
 .text.SDIO_ReadFIFO
                0x08004d1a       0x1a ./Drivers/STM32F4xx_HAL_Driver/Src/stm32f4xx_ll_sdmmc.o
                0x08004d1a                SDIO_ReadFIFO
 .text.SDIO_WriteFIFO
                0x08004d34       0x22 ./Drivers/STM32F4xx_HAL_Driver/Src/stm32f4xx_ll_sdmmc.o
                0x08004d34                SDIO_WriteFIFO
 .text.SDIO_PowerState_ON
                0x08004d56       0x1c ./Drivers/STM32F4xx_HAL_Driver/Src/stm32f4xx_ll_sdmmc.o
                0x08004d56                SDIO_PowerState_ON
 .text.SDIO_PowerState_OFF
                0x08004d72       0x1c ./Drivers/STM32F4xx_HAL_Driver/Src/stm32f4xx_ll_sdmmc.o
                0x08004d72                SDIO_PowerState_OFF
 .text.SDIO_GetPowerState
                0x08004d8e       0x1c ./Drivers/STM32F4xx_HAL_Driver/Src/stm32f4xx_ll_sdmmc.o
                0x08004d8e                SDIO_GetPowerState
 .text.SDIO_SendCommand
                0x08004daa       0x54 ./Drivers/STM32F4xx_HAL_Driver/Src/stm32f4xx_ll_sdmmc.o
                0x08004daa                SDIO_SendCommand
 .text.SDIO_GetCommandResponse
                0x08004dfe       0x1a ./Drivers/STM32F4xx_HAL_Driver/Src/stm32f4xx_ll_sdmmc.o
                0x08004dfe                SDIO_GetCommandResponse
 .text.SDIO_GetResponse
                0x08004e18       0x26 ./Drivers/STM32F4xx_HAL_Driver/Src/stm32f4xx_ll_sdmmc.o
                0x08004e18                SDIO_GetResponse
 .text.SDIO_ConfigData
                0x08004e3e       0x58 ./Drivers/STM32F4xx_HAL_Driver/Src/stm32f4xx_ll_sdmmc.o
                0x08004e3e                SDIO_ConfigData
 .text.SDMMC_CmdBlockLength
                0x08004e96       0x44 ./Drivers/STM32F4xx_HAL_Driver/Src/stm32f4xx_ll_sdmmc.o
                0x08004e96                SDMMC_CmdBlockLength
 .text.SDMMC_CmdReadSingleBlock
                0x08004eda       0x44 ./Drivers/STM32F4xx_HAL_Driver/Src/stm32f4xx_ll_sdmmc.o
                0x08004eda                SDMMC_CmdReadSingleBlock
 .text.SDMMC_CmdReadMultiBlock
                0x08004f1e       0x44 ./Drivers/STM32F4xx_HAL_Driver/Src/stm32f4xx_ll_sdmmc.o
                0x08004f1e                SDMMC_CmdReadMultiBlock
 .text.SDMMC_CmdWriteSingleBlock
                0x08004f62       0x44 ./Drivers/STM32F4xx_HAL_Driver/Src/stm32f4xx_ll_sdmmc.o
                0x08004f62                SDMMC_CmdWriteSingleBlock
 .text.SDMMC_CmdWriteMultiBlock
                0x08004fa6       0x44 ./Drivers/STM32F4xx_HAL_Driver/Src/stm32f4xx_ll_sdmmc.o
                0x08004fa6                SDMMC_CmdWriteMultiBlock
 *fill*         0x08004fea        0x2 
 .text.SDMMC_CmdStopTransfer
                0x08004fec       0x44 ./Drivers/STM32F4xx_HAL_Driver/Src/stm32f4xx_ll_sdmmc.o
                0x08004fec                SDMMC_CmdStopTransfer
 .text.SDMMC_CmdSelDesel
                0x08005030       0x46 ./Drivers/STM32F4xx_HAL_Driver/Src/stm32f4xx_ll_sdmmc.o
                0x08005030                SDMMC_CmdSelDesel
 .text.SDMMC_CmdGoIdleState
                0x08005076       0x3c ./Drivers/STM32F4xx_HAL_Driver/Src/stm32f4xx_ll_sdmmc.o
                0x08005076                SDMMC_CmdGoIdleState
 .text.SDMMC_CmdOperCond
                0x080050b2       0x3e ./Drivers/STM32F4xx_HAL_Driver/Src/stm32f4xx_ll_sdmmc.o
                0x080050b2                SDMMC_CmdOperCond
 .text.SDMMC_CmdAppCommand
                0x080050f0       0x44 ./Drivers/STM32F4xx_HAL_Driver/Src/stm32f4xx_ll_sdmmc.o
                0x080050f0                SDMMC_CmdAppCommand
 .text.SDMMC_CmdAppOperCommand
                0x08005134       0x46 ./Drivers/STM32F4xx_HAL_Driver/Src/stm32f4xx_ll_sdmmc.o
                0x08005134                SDMMC_CmdAppOperCommand
 .text.SDMMC_CmdBusWidth
                0x0800517a       0x44 ./Drivers/STM32F4xx_HAL_Driver/Src/stm32f4xx_ll_sdmmc.o
                0x0800517a                SDMMC_CmdBusWidth
 .text.SDMMC_CmdSendSCR
                0x080051be       0x42 ./Drivers/STM32F4xx_HAL_Driver/Src/stm32f4xx_ll_sdmmc.o
                0x080051be                SDMMC_CmdSendSCR
 .text.SDMMC_CmdSendCID
                0x08005200       0x3c ./Drivers/STM32F4xx_HAL_Driver/Src/stm32f4xx_ll_sdmmc.o
                0x08005200                SDMMC_CmdSendCID
 .text.SDMMC_CmdSendCSD
                0x0800523c       0x3e ./Drivers/STM32F4xx_HAL_Driver/Src/stm32f4xx_ll_sdmmc.o
                0x0800523c                SDMMC_CmdSendCSD
 .text.SDMMC_CmdSetRelAdd
                0x0800527a       0x42 ./Drivers/STM32F4xx_HAL_Driver/Src/stm32f4xx_ll_sdmmc.o
                0x0800527a                SDMMC_CmdSetRelAdd
 .text.SDMMC_CmdSendStatus
                0x080052bc       0x44 ./Drivers/STM32F4xx_HAL_Driver/Src/stm32f4xx_ll_sdmmc.o
                0x080052bc                SDMMC_CmdSendStatus
 .text.SDMMC_GetCmdResp1
                0x08005300      0x1dc ./Drivers/STM32F4xx_HAL_Driver/Src/stm32f4xx_ll_sdmmc.o
                0x08005300                SDMMC_GetCmdResp1
 .text.SDMMC_GetCmdResp2
                0x080054dc       0x90 ./Drivers/STM32F4xx_HAL_Driver/Src/stm32f4xx_ll_sdmmc.o
                0x080054dc                SDMMC_GetCmdResp2
 .text.SDMMC_GetCmdResp3
                0x0800556c       0x7c ./Drivers/STM32F4xx_HAL_Driver/Src/stm32f4xx_ll_sdmmc.o
                0x0800556c                SDMMC_GetCmdResp3
 .text.SDMMC_GetCmdResp6
                0x080055e8       0xec ./Drivers/STM32F4xx_HAL_Driver/Src/stm32f4xx_ll_sdmmc.o
                0x080055e8                SDMMC_GetCmdResp6
 .text.SDMMC_GetCmdResp7
                0x080056d4       0x9c ./Drivers/STM32F4xx_HAL_Driver/Src/stm32f4xx_ll_sdmmc.o
                0x080056d4                SDMMC_GetCmdResp7
 .text.SDMMC_GetCmdError
                0x08005770       0x58 ./Drivers/STM32F4xx_HAL_Driver/Src/stm32f4xx_ll_sdmmc.o
 .text.sdrec_card_is_word_aligned
                0x080057c8       0x24 ./sdrec/source/sdrec_card_port.o
 .text.sdrec_card_note_status
                0x080057ec       0x2c ./sdrec/source/sdrec_card_port.o
 .text.sdrec_card_apply_safe_init_template
                0x08005818       0x38 ./sdrec/source/sdrec_card_port.o
 .text.sdrec_card_compute_read_timeout
                0x08005850       0x20 ./sdrec/source/sdrec_card_port.o
 .text.sdrec_card_compute_write_timeout
                0x08005870       0x20 ./sdrec/source/sdrec_card_port.o
 .text.sdrec_card_async_write_clear
                0x08005890       0x18 ./sdrec/source/sdrec_card_port.o
 .text.sdrec_card_apply_transfer_clock
                0x080058a8       0x54 ./sdrec/source/sdrec_card_port.o
 .text.sdrec_card_apply_bus_width
                0x080058fc       0x5c ./sdrec/source/sdrec_card_port.o
 .text.sdrec_card_recover_link
                0x08005958       0xd8 ./sdrec/source/sdrec_card_port.o
 .text.sdrec_card_read_once
                0x08005a30       0x5c ./sdrec/source/sdrec_card_port.o
 .text.sdrec_card_async_write_issue
                0x08005a8c       0x60 ./sdrec/source/sdrec_card_port.o
 .text.sdrec_card_async_write_retry_or_fail
                0x08005aec       0x90 ./sdrec/source/sdrec_card_port.o
 .text.sdrec_card_policy_init_defaults
                0x08005b7c       0x2e ./sdrec/source/sdrec_card_port.o
                0x08005b7c                sdrec_card_policy_init_defaults
 *fill*         0x08005baa        0x2 
 .text.sdrec_card_set_policy
                0x08005bac       0x2c ./sdrec/source/sdrec_card_port.o
                0x08005bac                sdrec_card_set_policy
 .text.sdrec_card_get_last_error
                0x08005bd8       0x18 ./sdrec/source/sdrec_card_port.o
                0x08005bd8                sdrec_card_get_last_error
 .text.sdrec_card_get_card_info
                0x08005bf0       0x24 ./sdrec/source/sdrec_card_port.o
                0x08005bf0                sdrec_card_get_card_info
 .text.sdrec_card_get_retry_stats
                0x08005c14       0x30 ./sdrec/source/sdrec_card_port.o
                0x08005c14                sdrec_card_get_retry_stats
 .text.sdrec_card_reset_retry_stats
                0x08005c44       0x18 ./sdrec/source/sdrec_card_port.o
                0x08005c44                sdrec_card_reset_retry_stats
 .text.sdrec_card_wait_ready
                0x08005c5c       0x60 ./sdrec/source/sdrec_card_port.o
                0x08005c5c                sdrec_card_wait_ready
 .text.sdrec_card_init
                0x08005cbc       0x74 ./sdrec/source/sdrec_card_port.o
                0x08005cbc                sdrec_card_init
 .text.sdrec_card_reconfigure
                0x08005d30       0x90 ./sdrec/source/sdrec_card_port.o
                0x08005d30                sdrec_card_reconfigure
 .text.sdrec_card_read_blocks
                0x08005dc0       0x98 ./sdrec/source/sdrec_card_port.o
                0x08005dc0                sdrec_card_read_blocks
 .text.sdrec_card_write_async_begin
                0x08005e58       0xb4 ./sdrec/source/sdrec_card_port.o
                0x08005e58                sdrec_card_write_async_begin
 .text.sdrec_card_write_async_poll
                0x08005f0c       0x98 ./sdrec/source/sdrec_card_port.o
                0x08005f0c                sdrec_card_write_async_poll
 .text.HAL_SD_TxCpltCallback
                0x08005fa4       0x34 ./sdrec/source/sdrec_card_port.o
                0x08005fa4                HAL_SD_TxCpltCallback
 .text.HAL_SD_RxCpltCallback
                0x08005fd8       0x14 ./sdrec/source/sdrec_card_port.o
                0x08005fd8                HAL_SD_RxCpltCallback
 .text.HAL_SD_ErrorCallback
                0x08005fec       0x44 ./sdrec/source/sdrec_card_port.o
                0x08005fec                HAL_SD_ErrorCallback
 .text.sdrec_crc32_update
                0x08006030       0x84 ./sdrec/source/sdrec_crc32.o
                0x08006030                sdrec_crc32_update
 .text.sdrec_crc32_finalize
                0x080060b4       0x18 ./sdrec/source/sdrec_crc32.o
                0x080060b4                sdrec_crc32_finalize
 .text.sdrec_crc32_compute
                0x080060cc       0x28 ./sdrec/source/sdrec_crc32.o
                0x080060cc                sdrec_crc32_compute
 .text.sdrec_superblock_block_crc32
                0x080060f4       0x58 ./sdrec/source/sdrec_layout_v3.o
 .text.sdrec_data_block_crc32
                0x0800614c       0x58 ./sdrec/source/sdrec_layout_v3.o
 .text.sdrec_layout_cfg_init_defaults
                0x080061a4       0x42 ./sdrec/source/sdrec_layout_v3.o
                0x080061a4                sdrec_layout_cfg_init_defaults
 .text.sdrec_layout_state_reset
                0x080061e6       0x4a ./sdrec/source/sdrec_layout_v3.o
                0x080061e6                sdrec_layout_state_reset
 .text.sdrec_layout_state_restore_from_superblock
                0x08006230       0xb2 ./sdrec/source/sdrec_layout_v3.o
                0x08006230                sdrec_layout_state_restore_from_superblock
 .text.sdrec_layout_wrap_lba
                0x080062e2       0x42 ./sdrec/source/sdrec_layout_v3.o
                0x080062e2                sdrec_layout_wrap_lba
 .text.sdrec_layout_is_newer_seq
                0x08006324       0x26 ./sdrec/source/sdrec_layout_v3.o
                0x08006324                sdrec_layout_is_newer_seq
 .text.sdrec_layout_current_superblock_lba
                0x0800634a       0x38 ./sdrec/source/sdrec_layout_v3.o
                0x0800634a                sdrec_layout_current_superblock_lba
 .text.sdrec_layout_should_checkpoint
                0x08006382       0x4c ./sdrec/source/sdrec_layout_v3.o
                0x08006382                sdrec_layout_should_checkpoint
 .text.sdrec_layout_note_commit
                0x080063ce       0xaa ./sdrec/source/sdrec_layout_v3.o
                0x080063ce                sdrec_layout_note_commit
 .text.sdrec_pack_superblock_v3
                0x08006478      0x110 ./sdrec/source/sdrec_layout_v3.o
                0x08006478                sdrec_pack_superblock_v3
 .text.sdrec_check_superblock_v3
                0x08006588       0xf4 ./sdrec/source/sdrec_layout_v3.o
                0x08006588                sdrec_check_superblock_v3
 .text.sdrec_pack_data_block_v3
                0x0800667c      0x108 ./sdrec/source/sdrec_layout_v3.o
                0x0800667c                sdrec_pack_data_block_v3
 .text.sdrec_pipe_reset_slot
                0x08006784       0x2c ./sdrec/source/sdrec_pipe.o
 .text.sdrec_pipe_find_slot
                0x080067b0       0x72 ./sdrec/source/sdrec_pipe.o
 .text.sdrec_pipe_note_ready_slot
                0x08006822       0x5e ./sdrec/source/sdrec_pipe.o
 .text.sdrec_pipe_requeue_inflight
                0x08006880       0xb8 ./sdrec/source/sdrec_pipe.o
 .text.sdrec_pipe_release_inflight
                0x08006938       0xa4 ./sdrec/source/sdrec_pipe.o
 .text.sdrec_pipe_collect_ready_slots
                0x080069dc      0x116 ./sdrec/source/sdrec_pipe.o
 .text.sdrec_pipe_init_defaults
                0x08006af2       0x76 ./sdrec/source/sdrec_pipe.o
                0x08006af2                sdrec_pipe_init_defaults
 .text.sdrec_pipe_reset_stats
                0x08006b68       0x62 ./sdrec/source/sdrec_pipe.o
                0x08006b68                sdrec_pipe_reset_stats
 .text.sdrec_pipe_note_source_drop
                0x08006bca       0x32 ./sdrec/source/sdrec_pipe.o
                0x08006bca                sdrec_pipe_note_source_drop
 .text.sdrec_pipe_open
                0x08006bfc       0xa6 ./sdrec/source/sdrec_pipe.o
                0x08006bfc                sdrec_pipe_open
 .text.sdrec_pipe_acquire_ingress_ptr
                0x08006ca2      0x100 ./sdrec/source/sdrec_pipe.o
                0x08006ca2                sdrec_pipe_acquire_ingress_ptr
 .text.sdrec_pipe_commit_ingress
                0x08006da2       0xd2 ./sdrec/source/sdrec_pipe.o
                0x08006da2                sdrec_pipe_commit_ingress
 .text.sdrec_pipe_push_packet
                0x08006e74       0x74 ./sdrec/source/sdrec_pipe.o
                0x08006e74                sdrec_pipe_push_packet
 .text.sdrec_pipe_drain_to_card
                0x08006ee8      0x176 ./sdrec/source/sdrec_pipe.o
                0x08006ee8                sdrec_pipe_drain_to_card
 .text.sdrec_runtime_cfg_init_defaults
                0x0800705e       0x44 ./sdrec/source/sdrec_runtime.o
                0x0800705e                sdrec_runtime_cfg_init_defaults
 .text.sdrec_runtime_init_defaults
                0x080070a2       0x3c ./sdrec/source/sdrec_runtime.o
                0x080070a2                sdrec_runtime_init_defaults
 .text.sdrec_runtime_attach_source
                0x080070de       0x50 ./sdrec/source/sdrec_runtime.o
                0x080070de                sdrec_runtime_attach_source
 .text.sdrec_runtime_start
                0x0800712e       0xa6 ./sdrec/source/sdrec_runtime.o
                0x0800712e                sdrec_runtime_start
 .text.sdrec_runtime_poll
                0x080071d4       0x52 ./sdrec/source/sdrec_runtime.o
                0x080071d4                sdrec_runtime_poll
 .text.sdrec_sink_find_latest_superblock
                0x08007226       0xc6 ./sdrec/source/sdrec_sink.o
 .text.sdrec_sink_fill_burst_step_info
                0x080072ec       0x96 ./sdrec/source/sdrec_sink.o
 .text.sdrec_sink_commit_burst_state
                0x08007382       0x58 ./sdrec/source/sdrec_sink.o
 .text.sdrec_sink_finish_async_burst
                0x080073da       0xec ./sdrec/source/sdrec_sink.o
 .text.sdrec_sink_init_defaults
                0x080074c6       0x54 ./sdrec/source/sdrec_sink.o
                0x080074c6                sdrec_sink_init_defaults
 .text.sdrec_sink_set_runtime_config
                0x0800751a       0x56 ./sdrec/source/sdrec_sink.o
                0x0800751a                sdrec_sink_set_runtime_config
 .text.sdrec_sink_open
                0x08007570      0x15c ./sdrec/source/sdrec_sink.o
                0x08007570                sdrec_sink_open
 .text.sdrec_sink_async_busy
                0x080076cc       0x32 ./sdrec/source/sdrec_sink.o
                0x080076cc                sdrec_sink_async_busy
 .text.sdrec_sink_get_max_contiguous_write_blocks
                0x080076fe       0x50 ./sdrec/source/sdrec_sink.o
                0x080076fe                sdrec_sink_get_max_contiguous_write_blocks
 .text.sdrec_sink_begin_async_batch
                0x0800774e      0x2a0 ./sdrec/source/sdrec_sink.o
                0x0800774e                sdrec_sink_begin_async_batch
 .text.sdrec_sink_poll_async
                0x080079ee      0x18c ./sdrec/source/sdrec_sink.o
                0x080079ee                sdrec_sink_poll_async
 .text.sdrec_source_link_attach
                0x08007b7a       0x2c ./sdrec/source/sdrec_source_api.o
                0x08007b7a                sdrec_source_link_attach
 .text.sdrec_source_link_detach
                0x08007ba6       0x28 ./sdrec/source/sdrec_source_api.o
                0x08007ba6                sdrec_source_link_detach
 .text.sdrec_source_link_reset
                0x08007bce       0x38 ./sdrec/source/sdrec_source_api.o
                0x08007bce                sdrec_source_link_reset
 .text.sdrec_source_link_poll
                0x08007c06       0x40 ./sdrec/source/sdrec_source_api.o
                0x08007c06                sdrec_source_link_poll
 .text.sdrec_wave_table_source_reset_ctx
                0x08007c46       0x16 ./sdrec/source/sdrec_source_wave_table.o
 .text.sdrec_wave_table_source_poll_thunk
                0x08007c5c       0x1c ./sdrec/source/sdrec_source_wave_table.o
 .text.sdrec_wave_table_source_init_defaults
                0x08007c78       0x40 ./sdrec/source/sdrec_source_wave_table.o
                0x08007c78                sdrec_wave_table_source_init_defaults
 .text.sdrec_wave_table_source_reset
                0x08007cb8       0x40 ./sdrec/source/sdrec_source_wave_table.o
                0x08007cb8                sdrec_wave_table_source_reset
 .text.sdrec_wave_table_source_copy_samples
                0x08007cf8       0x7a ./sdrec/source/sdrec_source_wave_table.o
                0x08007cf8                sdrec_wave_table_source_copy_samples
 .text.sdrec_wave_table_source_advance
                0x08007d72       0x4a ./sdrec/source/sdrec_source_wave_table.o
                0x08007d72                sdrec_wave_table_source_advance
 .text.sdrec_wave_table_source_build_packet
                0x08007dbc       0xa6 ./sdrec/source/sdrec_source_wave_table.o
                0x08007dbc                sdrec_wave_table_source_build_packet
 .text.sdrec_wave_table_source_poll
                0x08007e62       0x9c ./sdrec/source/sdrec_source_wave_table.o
                0x08007e62                sdrec_wave_table_source_poll
 *fill*         0x08007efe        0x2 
 .text.std      0x08007f00       0x6c C:/ST/STM32CubeIDE_1.19.0/STM32CubeIDE/plugins/com.st.stm32cube.ide.mcu.externaltools.gnu-tools-for-stm32.13.3.rel1.win32_1.0.0.202411081344/tools/bin/../lib/gcc/arm-none-eabi/13.3.1/../../../../arm-none-eabi/lib/thumb/v7e-m+fp/hard\libc_nano.a(libc_a-findfp.o)
 .text.stdio_exit_handler
                0x08007f6c       0x18 C:/ST/STM32CubeIDE_1.19.0/STM32CubeIDE/plugins/com.st.stm32cube.ide.mcu.externaltools.gnu-tools-for-stm32.13.3.rel1.win32_1.0.0.202411081344/tools/bin/../lib/gcc/arm-none-eabi/13.3.1/../../../../arm-none-eabi/lib/thumb/v7e-m+fp/hard\libc_nano.a(libc_a-findfp.o)
 .text.cleanup_stdio
                0x08007f84       0x40 C:/ST/STM32CubeIDE_1.19.0/STM32CubeIDE/plugins/com.st.stm32cube.ide.mcu.externaltools.gnu-tools-for-stm32.13.3.rel1.win32_1.0.0.202411081344/tools/bin/../lib/gcc/arm-none-eabi/13.3.1/../../../../arm-none-eabi/lib/thumb/v7e-m+fp/hard\libc_nano.a(libc_a-findfp.o)
 .text.global_stdio_init.part.0
                0x08007fc4       0x3c C:/ST/STM32CubeIDE_1.19.0/STM32CubeIDE/plugins/com.st.stm32cube.ide.mcu.externaltools.gnu-tools-for-stm32.13.3.rel1.win32_1.0.0.202411081344/tools/bin/../lib/gcc/arm-none-eabi/13.3.1/../../../../arm-none-eabi/lib/thumb/v7e-m+fp/hard\libc_nano.a(libc_a-findfp.o)
 .text.__sfp_lock_acquire
                0x08008000        0xc C:/ST/STM32CubeIDE_1.19.0/STM32CubeIDE/plugins/com.st.stm32cube.ide.mcu.externaltools.gnu-tools-for-stm32.13.3.rel1.win32_1.0.0.202411081344/tools/bin/../lib/gcc/arm-none-eabi/13.3.1/../../../../arm-none-eabi/lib/thumb/v7e-m+fp/hard\libc_nano.a(libc_a-findfp.o)
                0x08008000                __sfp_lock_acquire
 .text.__sfp_lock_release
                0x0800800c        0xc C:/ST/STM32CubeIDE_1.19.0/STM32CubeIDE/plugins/com.st.stm32cube.ide.mcu.externaltools.gnu-tools-for-stm32.13.3.rel1.win32_1.0.0.202411081344/tools/bin/../lib/gcc/arm-none-eabi/13.3.1/../../../../arm-none-eabi/lib/thumb/v7e-m+fp/hard\libc_nano.a(libc_a-findfp.o)
                0x0800800c                __sfp_lock_release
 .text.__sinit  0x08008018       0x30 C:/ST/STM32CubeIDE_1.19.0/STM32CubeIDE/plugins/com.st.stm32cube.ide.mcu.externaltools.gnu-tools-for-stm32.13.3.rel1.win32_1.0.0.202411081344/tools/bin/../lib/gcc/arm-none-eabi/13.3.1/../../../../arm-none-eabi/lib/thumb/v7e-m+fp/hard\libc_nano.a(libc_a-findfp.o)
                0x08008018                __sinit
 .text._fwalk_sglue
                0x08008048       0x3c C:/ST/STM32CubeIDE_1.19.0/STM32CubeIDE/plugins/com.st.stm32cube.ide.mcu.externaltools.gnu-tools-for-stm32.13.3.rel1.win32_1.0.0.202411081344/tools/bin/../lib/gcc/arm-none-eabi/13.3.1/../../../../arm-none-eabi/lib/thumb/v7e-m+fp/hard\libc_nano.a(libc_a-fwalk.o)
                0x08008048                _fwalk_sglue
 .text.printf   0x08008084       0x24 C:/ST/STM32CubeIDE_1.19.0/STM32CubeIDE/plugins/com.st.stm32cube.ide.mcu.externaltools.gnu-tools-for-stm32.13.3.rel1.win32_1.0.0.202411081344/tools/bin/../lib/gcc/arm-none-eabi/13.3.1/../../../../arm-none-eabi/lib/thumb/v7e-m+fp/hard\libc_nano.a(libc_a-printf.o)
                0x08008084                iprintf
                0x08008084                printf
 .text._puts_r  0x080080a8       0xaa C:/ST/STM32CubeIDE_1.19.0/STM32CubeIDE/plugins/com.st.stm32cube.ide.mcu.externaltools.gnu-tools-for-stm32.13.3.rel1.win32_1.0.0.202411081344/tools/bin/../lib/gcc/arm-none-eabi/13.3.1/../../../../arm-none-eabi/lib/thumb/v7e-m+fp/hard\libc_nano.a(libc_a-puts.o)
                0x080080a8                _puts_r
 *fill*         0x08008152        0x2 
 .text.puts     0x08008154       0x10 C:/ST/STM32CubeIDE_1.19.0/STM32CubeIDE/plugins/com.st.stm32cube.ide.mcu.externaltools.gnu-tools-for-stm32.13.3.rel1.win32_1.0.0.202411081344/tools/bin/../lib/gcc/arm-none-eabi/13.3.1/../../../../arm-none-eabi/lib/thumb/v7e-m+fp/hard\libc_nano.a(libc_a-puts.o)
                0x08008154                puts
 .text.__sread  0x08008164       0x22 C:/ST/STM32CubeIDE_1.19.0/STM32CubeIDE/plugins/com.st.stm32cube.ide.mcu.externaltools.gnu-tools-for-stm32.13.3.rel1.win32_1.0.0.202411081344/tools/bin/../lib/gcc/arm-none-eabi/13.3.1/../../../../arm-none-eabi/lib/thumb/v7e-m+fp/hard\libc_nano.a(libc_a-stdio.o)
                0x08008164                __sread
 .text.__swrite
                0x08008186       0x38 C:/ST/STM32CubeIDE_1.19.0/STM32CubeIDE/plugins/com.st.stm32cube.ide.mcu.externaltools.gnu-tools-for-stm32.13.3.rel1.win32_1.0.0.202411081344/tools/bin/../lib/gcc/arm-none-eabi/13.3.1/../../../../arm-none-eabi/lib/thumb/v7e-m+fp/hard\libc_nano.a(libc_a-stdio.o)
                0x08008186                __swrite
 .text.__sseek  0x080081be       0x24 C:/ST/STM32CubeIDE_1.19.0/STM32CubeIDE/plugins/com.st.stm32cube.ide.mcu.externaltools.gnu-tools-for-stm32.13.3.rel1.win32_1.0.0.202411081344/tools/bin/../lib/gcc/arm-none-eabi/13.3.1/../../../../arm-none-eabi/lib/thumb/v7e-m+fp/hard\libc_nano.a(libc_a-stdio.o)
                0x080081be                __sseek
 .text.__sclose
                0x080081e2        0x8 C:/ST/STM32CubeIDE_1.19.0/STM32CubeIDE/plugins/com.st.stm32cube.ide.mcu.externaltools.gnu-tools-for-stm32.13.3.rel1.win32_1.0.0.202411081344/tools/bin/../lib/gcc/arm-none-eabi/13.3.1/../../../../arm-none-eabi/lib/thumb/v7e-m+fp/hard\libc_nano.a(libc_a-stdio.o)
                0x080081e2                __sclose
 .text.__swbuf_r
                0x080081ea       0x7c C:/ST/STM32CubeIDE_1.19.0/STM32CubeIDE/plugins/com.st.stm32cube.ide.mcu.externaltools.gnu-tools-for-stm32.13.3.rel1.win32_1.0.0.202411081344/tools/bin/../lib/gcc/arm-none-eabi/13.3.1/../../../../arm-none-eabi/lib/thumb/v7e-m+fp/hard\libc_nano.a(libc_a-wbuf.o)
                0x080081ea                __swbuf_r
 *fill*         0x08008266        0x2 
 .text.__swsetup_r
                0x08008268       0xac C:/ST/STM32CubeIDE_1.19.0/STM32CubeIDE/plugins/com.st.stm32cube.ide.mcu.externaltools.gnu-tools-for-stm32.13.3.rel1.win32_1.0.0.202411081344/tools/bin/../lib/gcc/arm-none-eabi/13.3.1/../../../../arm-none-eabi/lib/thumb/v7e-m+fp/hard\libc_nano.a(libc_a-wsetup.o)
                0x08008268                __swsetup_r
 .text.memcmp   0x08008314       0x20 C:/ST/STM32CubeIDE_1.19.0/STM32CubeIDE/plugins/com.st.stm32cube.ide.mcu.externaltools.gnu-tools-for-stm32.13.3.rel1.win32_1.0.0.202411081344/tools/bin/../lib/gcc/arm-none-eabi/13.3.1/../../../../arm-none-eabi/lib/thumb/v7e-m+fp/hard\libc_nano.a(libc_a-memcmp.o)
                0x08008314                memcmp
 .text.memset   0x08008334       0x10 C:/ST/STM32CubeIDE_1.19.0/STM32CubeIDE/plugins/com.st.stm32cube.ide.mcu.externaltools.gnu-tools-for-stm32.13.3.rel1.win32_1.0.0.202411081344/tools/bin/../lib/gcc/arm-none-eabi/13.3.1/../../../../arm-none-eabi/lib/thumb/v7e-m+fp/hard\libc_nano.a(libc_a-memset.o)
                0x08008334                memset
 .text._close_r
                0x08008344       0x20 C:/ST/STM32CubeIDE_1.19.0/STM32CubeIDE/plugins/com.st.stm32cube.ide.mcu.externaltools.gnu-tools-for-stm32.13.3.rel1.win32_1.0.0.202411081344/tools/bin/../lib/gcc/arm-none-eabi/13.3.1/../../../../arm-none-eabi/lib/thumb/v7e-m+fp/hard\libc_nano.a(libc_a-closer.o)
                0x08008344                _close_r
 .text._lseek_r
                0x08008364       0x24 C:/ST/STM32CubeIDE_1.19.0/STM32CubeIDE/plugins/com.st.stm32cube.ide.mcu.externaltools.gnu-tools-for-stm32.13.3.rel1.win32_1.0.0.202411081344/tools/bin/../lib/gcc/arm-none-eabi/13.3.1/../../../../arm-none-eabi/lib/thumb/v7e-m+fp/hard\libc_nano.a(libc_a-lseekr.o)
                0x08008364                _lseek_r
 .text._read_r  0x08008388       0x24 C:/ST/STM32CubeIDE_1.19.0/STM32CubeIDE/plugins/com.st.stm32cube.ide.mcu.externaltools.gnu-tools-for-stm32.13.3.rel1.win32_1.0.0.202411081344/tools/bin/../lib/gcc/arm-none-eabi/13.3.1/../../../../arm-none-eabi/lib/thumb/v7e-m+fp/hard\libc_nano.a(libc_a-readr.o)
                0x08008388                _read_r
 .text._write_r
                0x080083ac       0x24 C:/ST/STM32CubeIDE_1.19.0/STM32CubeIDE/plugins/com.st.stm32cube.ide.mcu.externaltools.gnu-tools-for-stm32.13.3.rel1.win32_1.0.0.202411081344/tools/bin/../lib/gcc/arm-none-eabi/13.3.1/../../../../arm-none-eabi/lib/thumb/v7e-m+fp/hard\libc_nano.a(libc_a-writer.o)
                0x080083ac                _write_r
 .text.__errno  0x080083d0        0xc C:/ST/STM32CubeIDE_1.19.0/STM32CubeIDE/plugins/com.st.stm32cube.ide.mcu.externaltools.gnu-tools-for-stm32.13.3.rel1.win32_1.0.0.202411081344/tools/bin/../lib/gcc/arm-none-eabi/13.3.1/../../../../arm-none-eabi/lib/thumb/v7e-m+fp/hard\libc_nano.a(libc_a-errno.o)
                0x080083d0                __errno
 .text.__libc_init_array
                0x080083dc       0x48 C:/ST/STM32CubeIDE_1.19.0/STM32CubeIDE/plugins/com.st.stm32cube.ide.mcu.externaltools.gnu-tools-for-stm32.13.3.rel1.win32_1.0.0.202411081344/tools/bin/../lib/gcc/arm-none-eabi/13.3.1/../../../../arm-none-eabi/lib/thumb/v7e-m+fp/hard\libc_nano.a(libc_a-init.o)
                0x080083dc                __libc_init_array
 .text.__retarget_lock_init_recursive
                0x08008424        0x2 C:/ST/STM32CubeIDE_1.19.0/STM32CubeIDE/plugins/com.st.stm32cube.ide.mcu.externaltools.gnu-tools-for-stm32.13.3.rel1.win32_1.0.0.202411081344/tools/bin/../lib/gcc/arm-none-eabi/13.3.1/../../../../arm-none-eabi/lib/thumb/v7e-m+fp/hard\libc_nano.a(libc_a-lock.o)
                0x08008424                __retarget_lock_init_recursive
 .text.__retarget_lock_acquire_recursive
                0x08008426        0x2 C:/ST/STM32CubeIDE_1.19.0/STM32CubeIDE/plugins/com.st.stm32cube.ide.mcu.externaltools.gnu-tools-for-stm32.13.3.rel1.win32_1.0.0.202411081344/tools/bin/../lib/gcc/arm-none-eabi/13.3.1/../../../../arm-none-eabi/lib/thumb/v7e-m+fp/hard\libc_nano.a(libc_a-lock.o)
                0x08008426                __retarget_lock_acquire_recursive
 .text.__retarget_lock_release_recursive
                0x08008428        0x2 C:/ST/STM32CubeIDE_1.19.0/STM32CubeIDE/plugins/com.st.stm32cube.ide.mcu.externaltools.gnu-tools-for-stm32.13.3.rel1.win32_1.0.0.202411081344/tools/bin/../lib/gcc/arm-none-eabi/13.3.1/../../../../arm-none-eabi/lib/thumb/v7e-m+fp/hard\libc_nano.a(libc_a-lock.o)
                0x08008428                __retarget_lock_release_recursive
 .text.memcpy   0x0800842a       0x1c C:/ST/STM32CubeIDE_1.19.0/STM32CubeIDE/plugins/com.st.stm32cube.ide.mcu.externaltools.gnu-tools-for-stm32.13.3.rel1.win32_1.0.0.202411081344/tools/bin/../lib/gcc/arm-none-eabi/13.3.1/../../../../arm-none-eabi/lib/thumb/v7e-m+fp/hard\libc_nano.a(libc_a-memcpy-stub.o)
                0x0800842a                memcpy
 *fill*         0x08008446        0x2 
 .text._free_r  0x08008448       0x94 C:/ST/STM32CubeIDE_1.19.0/STM32CubeIDE/plugins/com.st.stm32cube.ide.mcu.externaltools.gnu-tools-for-stm32.13.3.rel1.win32_1.0.0.202411081344/tools/bin/../lib/gcc/arm-none-eabi/13.3.1/../../../../arm-none-eabi/lib/thumb/v7e-m+fp/hard\libc_nano.a(libc_a-freer.o)
                0x08008448                _free_r
 .text.sbrk_aligned
                0x080084dc       0x44 C:/ST/STM32CubeIDE_1.19.0/STM32CubeIDE/plugins/com.st.stm32cube.ide.mcu.externaltools.gnu-tools-for-stm32.13.3.rel1.win32_1.0.0.202411081344/tools/bin/../lib/gcc/arm-none-eabi/13.3.1/../../../../arm-none-eabi/lib/thumb/v7e-m+fp/hard\libc_nano.a(libc_a-mallocr.o)
 .text._malloc_r
                0x08008520      0x100 C:/ST/STM32CubeIDE_1.19.0/STM32CubeIDE/plugins/com.st.stm32cube.ide.mcu.externaltools.gnu-tools-for-stm32.13.3.rel1.win32_1.0.0.202411081344/tools/bin/../lib/gcc/arm-none-eabi/13.3.1/../../../../arm-none-eabi/lib/thumb/v7e-m+fp/hard\libc_nano.a(libc_a-mallocr.o)
                0x08008520                _malloc_r
 .text.__malloc_lock
                0x08008620        0xc C:/ST/STM32CubeIDE_1.19.0/STM32CubeIDE/plugins/com.st.stm32cube.ide.mcu.externaltools.gnu-tools-for-stm32.13.3.rel1.win32_1.0.0.202411081344/tools/bin/../lib/gcc/arm-none-eabi/13.3.1/../../../../arm-none-eabi/lib/thumb/v7e-m+fp/hard\libc_nano.a(libc_a-mlock.o)
                0x08008620                __malloc_lock
 .text.__malloc_unlock
                0x0800862c        0xc C:/ST/STM32CubeIDE_1.19.0/STM32CubeIDE/plugins/com.st.stm32cube.ide.mcu.externaltools.gnu-tools-for-stm32.13.3.rel1.win32_1.0.0.202411081344/tools/bin/../lib/gcc/arm-none-eabi/13.3.1/../../../../arm-none-eabi/lib/thumb/v7e-m+fp/hard\libc_nano.a(libc_a-mlock.o)
                0x0800862c                __malloc_unlock
 .text.__sfputc_r
                0x08008638       0x2e C:/ST/STM32CubeIDE_1.19.0/STM32CubeIDE/plugins/com.st.stm32cube.ide.mcu.externaltools.gnu-tools-for-stm32.13.3.rel1.win32_1.0.0.202411081344/tools/bin/../lib/gcc/arm-none-eabi/13.3.1/../../../../arm-none-eabi/lib/thumb/v7e-m+fp/hard\libc_nano.a(libc_a-nano-vfprintf.o)
 .text.__sfputs_r
                0x08008666       0x24 C:/ST/STM32CubeIDE_1.19.0/STM32CubeIDE/plugins/com.st.stm32cube.ide.mcu.externaltools.gnu-tools-for-stm32.13.3.rel1.win32_1.0.0.202411081344/tools/bin/../lib/gcc/arm-none-eabi/13.3.1/../../../../arm-none-eabi/lib/thumb/v7e-m+fp/hard\libc_nano.a(libc_a-nano-vfprintf.o)
                0x08008666                __sfputs_r
 *fill*         0x0800868a        0x2 
 .text._vfprintf_r
                0x0800868c      0x230 C:/ST/STM32CubeIDE_1.19.0/STM32CubeIDE/plugins/com.st.stm32cube.ide.mcu.externaltools.gnu-tools-for-stm32.13.3.rel1.win32_1.0.0.202411081344/tools/bin/../lib/gcc/arm-none-eabi/13.3.1/../../../../arm-none-eabi/lib/thumb/v7e-m+fp/hard\libc_nano.a(libc_a-nano-vfprintf.o)
                0x0800868c                _vfprintf_r
                0x0800868c                _vfiprintf_r
 .text._printf_common
                0x080088bc       0xda C:/ST/STM32CubeIDE_1.19.0/STM32CubeIDE/plugins/com.st.stm32cube.ide.mcu.externaltools.gnu-tools-for-stm32.13.3.rel1.win32_1.0.0.202411081344/tools/bin/../lib/gcc/arm-none-eabi/13.3.1/../../../../arm-none-eabi/lib/thumb/v7e-m+fp/hard\libc_nano.a(libc_a-nano-vfprintf_i.o)
                0x080088bc                _printf_common
 *fill*         0x08008996        0x2 
 .text._printf_i
                0x08008998      0x23c C:/ST/STM32CubeIDE_1.19.0/STM32CubeIDE/plugins/com.st.stm32cube.ide.mcu.externaltools.gnu-tools-for-stm32.13.3.rel1.win32_1.0.0.202411081344/tools/bin/../lib/gcc/arm-none-eabi/13.3.1/../../../../arm-none-eabi/lib/thumb/v7e-m+fp/hard\libc_nano.a(libc_a-nano-vfprintf_i.o)
                0x08008998                _printf_i
 .text.__sflush_r
                0x08008bd4      0x108 C:/ST/STM32CubeIDE_1.19.0/STM32CubeIDE/plugins/com.st.stm32cube.ide.mcu.externaltools.gnu-tools-for-stm32.13.3.rel1.win32_1.0.0.202411081344/tools/bin/../lib/gcc/arm-none-eabi/13.3.1/../../../../arm-none-eabi/lib/thumb/v7e-m+fp/hard\libc_nano.a(libc_a-fflush.o)
                0x08008bd4                __sflush_r
 .text._fflush_r
                0x08008cdc       0x50 C:/ST/STM32CubeIDE_1.19.0/STM32CubeIDE/plugins/com.st.stm32cube.ide.mcu.externaltools.gnu-tools-for-stm32.13.3.rel1.win32_1.0.0.202411081344/tools/bin/../lib/gcc/arm-none-eabi/13.3.1/../../../../arm-none-eabi/lib/thumb/v7e-m+fp/hard\libc_nano.a(libc_a-fflush.o)
                0x08008cdc                _fflush_r
 .text.__swhatbuf_r
                0x08008d2c       0x4c C:/ST/STM32CubeIDE_1.19.0/STM32CubeIDE/plugins/com.st.stm32cube.ide.mcu.externaltools.gnu-tools-for-stm32.13.3.rel1.win32_1.0.0.202411081344/tools/bin/../lib/gcc/arm-none-eabi/13.3.1/../../../../arm-none-eabi/lib/thumb/v7e-m+fp/hard\libc_nano.a(libc_a-makebuf.o)
                0x08008d2c                __swhatbuf_r
 .text.__smakebuf_r
                0x08008d78       0x78 C:/ST/STM32CubeIDE_1.19.0/STM32CubeIDE/plugins/com.st.stm32cube.ide.mcu.externaltools.gnu-tools-for-stm32.13.3.rel1.win32_1.0.0.202411081344/tools/bin/../lib/gcc/arm-none-eabi/13.3.1/../../../../arm-none-eabi/lib/thumb/v7e-m+fp/hard\libc_nano.a(libc_a-makebuf.o)
                0x08008d78                __smakebuf_r
 .text._fstat_r
                0x08008df0       0x24 C:/ST/STM32CubeIDE_1.19.0/STM32CubeIDE/plugins/com.st.stm32cube.ide.mcu.externaltools.gnu-tools-for-stm32.13.3.rel1.win32_1.0.0.202411081344/tools/bin/../lib/gcc/arm-none-eabi/13.3.1/../../../../arm-none-eabi/lib/thumb/v7e-m+fp/hard\libc_nano.a(libc_a-fstatr.o)
                0x08008df0                _fstat_r
 .text._isatty_r
                0x08008e14       0x20 C:/ST/STM32CubeIDE_1.19.0/STM32CubeIDE/plugins/com.st.stm32cube.ide.mcu.externaltools.gnu-tools-for-stm32.13.3.rel1.win32_1.0.0.202411081344/tools/bin/../lib/gcc/arm-none-eabi/13.3.1/../../../../arm-none-eabi/lib/thumb/v7e-m+fp/hard\libc_nano.a(libc_a-isattyr.o)
                0x08008e14                _isatty_r
 .text._sbrk_r  0x08008e34       0x20 C:/ST/STM32CubeIDE_1.19.0/STM32CubeIDE/plugins/com.st.stm32cube.ide.mcu.externaltools.gnu-tools-for-stm32.13.3.rel1.win32_1.0.0.202411081344/tools/bin/../lib/gcc/arm-none-eabi/13.3.1/../../../../arm-none-eabi/lib/thumb/v7e-m+fp/hard\libc_nano.a(libc_a-sbrkr.o)
                0x08008e34                _sbrk_r
 *(.glue_7)
 .glue_7        0x08008e54        0x0 linker stubs
 *(.glue_7t)
 .glue_7t       0x08008e54        0x0 linker stubs
 *(.eh_frame)
 .eh_frame      0x08008e54        0x0 C:/ST/STM32CubeIDE_1.19.0/STM32CubeIDE/plugins/com.st.stm32cube.ide.mcu.externaltools.gnu-tools-for-stm32.13.3.rel1.win32_1.0.0.202411081344/tools/bin/../lib/gcc/arm-none-eabi/13.3.1/thumb/v7e-m+fp/hard/crtbegin.o
 *(.init)
 .init          0x08008e54        0x4 C:/ST/STM32CubeIDE_1.19.0/STM32CubeIDE/plugins/com.st.stm32cube.ide.mcu.externaltools.gnu-tools-for-stm32.13.3.rel1.win32_1.0.0.202411081344/tools/bin/../lib/gcc/arm-none-eabi/13.3.1/thumb/v7e-m+fp/hard/crti.o
                0x08008e54                _init
 .init          0x08008e58        0x8 C:/ST/STM32CubeIDE_1.19.0/STM32CubeIDE/plugins/com.st.stm32cube.ide.mcu.externaltools.gnu-tools-for-stm32.13.3.rel1.win32_1.0.0.202411081344/tools/bin/../lib/gcc/arm-none-eabi/13.3.1/thumb/v7e-m+fp/hard/crtn.o
 *(.fini)
 .fini          0x08008e60        0x4 C:/ST/STM32CubeIDE_1.19.0/STM32CubeIDE/plugins/com.st.stm32cube.ide.mcu.externaltools.gnu-tools-for-stm32.13.3.rel1.win32_1.0.0.202411081344/tools/bin/../lib/gcc/arm-none-eabi/13.3.1/thumb/v7e-m+fp/hard/crti.o
                0x08008e60                _fini
 .fini          0x08008e64        0x8 C:/ST/STM32CubeIDE_1.19.0/STM32CubeIDE/plugins/com.st.stm32cube.ide.mcu.externaltools.gnu-tools-for-stm32.13.3.rel1.win32_1.0.0.202411081344/tools/bin/../lib/gcc/arm-none-eabi/13.3.1/thumb/v7e-m+fp/hard/crtn.o
                0x08008e6c                        . = ALIGN (0x4)
                0x08008e6c                        _etext = .

.vfp11_veneer   0x08008e6c        0x0
 .vfp11_veneer  0x08008e6c        0x0 linker stubs

.v4_bx          0x08008e6c        0x0
 .v4_bx         0x08008e6c        0x0 linker stubs

.iplt           0x08008e6c        0x0
 .iplt          0x08008e6c        0x0 C:/ST/STM32CubeIDE_1.19.0/STM32CubeIDE/plugins/com.st.stm32cube.ide.mcu.externaltools.gnu-tools-for-stm32.13.3.rel1.win32_1.0.0.202411081344/tools/bin/../lib/gcc/arm-none-eabi/13.3.1/thumb/v7e-m+fp/hard/crtbegin.o

.rodata         0x08008e6c      0x478
                0x08008e6c                        . = ALIGN (0x4)
 *(.rodata)
 .rodata        0x08008e6c      0x11f ./Core/Src/main.o
 *fill*         0x08008f8b        0x1 
 .rodata        0x08008f8c       0x15 ./sdrec/source/sdrec_layout_v3.o
 *fill*         0x08008fa1        0x3 
 .rodata        0x08008fa4        0xa ./sdrec/source/sdrec_source_wave_table.o
 *(.rodata*)
 *fill*         0x08008fae        0x2 
 .rodata.AHBPrescTable
                0x08008fb0       0x10 ./Core/Src/system_stm32f4xx.o
                0x08008fb0                AHBPrescTable
 .rodata.APBPrescTable
                0x08008fc0        0x8 ./Core/Src/system_stm32f4xx.o
                0x08008fc0                APBPrescTable
 .rodata.flagBitshiftOffset.0
                0x08008fc8        0x8 ./Drivers/STM32F4xx_HAL_Driver/Src/stm32f4xx_hal_dma.o
 .rodata.g_sdrec_wave_table_source_api
                0x08008fd0       0x10 ./sdrec/source/sdrec_source_wave_table.o
                0x08008fd0                g_sdrec_wave_table_source_api
 .rodata.g_sdrec_source_sin360
                0x08008fe0      0x2d0 ./sdrec/source/sdrec_source_wave_table_data.o
                0x08008fe0                g_sdrec_source_sin360
 .rodata._vfprintf_r.str1.1
                0x080092b0       0x33 C:/ST/STM32CubeIDE_1.19.0/STM32CubeIDE/plugins/com.st.stm32cube.ide.mcu.externaltools.gnu-tools-for-stm32.13.3.rel1.win32_1.0.0.202411081344/tools/bin/../lib/gcc/arm-none-eabi/13.3.1/../../../../arm-none-eabi/lib/thumb/v7e-m+fp/hard\libc_nano.a(libc_a-nano-vfprintf.o)
                                 0x11 (size before relaxing)
 .rodata._printf_i.str1.1
                0x080092e3       0x22 C:/ST/STM32CubeIDE_1.19.0/STM32CubeIDE/plugins/com.st.stm32cube.ide.mcu.externaltools.gnu-tools-for-stm32.13.3.rel1.win32_1.0.0.202411081344/tools/bin/../lib/gcc/arm-none-eabi/13.3.1/../../../../arm-none-eabi/lib/thumb/v7e-m+fp/hard\libc_nano.a(libc_a-nano-vfprintf_i.o)
                0x08009308                        . = ALIGN (0x4)
 *fill*         0x080092e3        0x1 

.ARM.extab      0x080092e4        0x0
                0x080092e4                        . = ALIGN (0x4)
 *(.ARM.extab* .gnu.linkonce.armextab.*)
                0x080092e4                        . = ALIGN (0x4)

.ARM            0x080092e4        0x8
                0x080092e4                        . = ALIGN (0x4)
                0x080092e4                        __exidx_start = .
 *(.ARM.exidx*)
 .ARM.exidx     0x080092e4        0x8 C:/ST/STM32CubeIDE_1.19.0/STM32CubeIDE/plugins/com.st.stm32cube.ide.mcu.externaltools.gnu-tools-for-stm32.13.3.rel1.win32_1.0.0.202411081344/tools/bin/../lib/gcc/arm-none-eabi/13.3.1/../../../../arm-none-eabi/lib/thumb/v7e-m+fp/hard\libc_nano.a(libc_a-memchr.o)
 .ARM.exidx     0x080092ec        0x0 C:/ST/STM32CubeIDE_1.19.0/STM32CubeIDE/plugins/com.st.stm32cube.ide.mcu.externaltools.gnu-tools-for-stm32.13.3.rel1.win32_1.0.0.202411081344/tools/bin/../lib/gcc/arm-none-eabi/13.3.1/thumb/v7e-m+fp/hard\libgcc.a(_udivmoddi4.o)
                                  0x8 (size before relaxing)
                0x080092ec                        __exidx_end = .
                0x080092ec                        . = ALIGN (0x4)

.preinit_array  0x080092ec        0x0
                0x080092ec                        . = ALIGN (0x4)
                0x080092ec                        PROVIDE (__preinit_array_start = .)
 *(.preinit_array*)
                0x080092ec                        PROVIDE (__preinit_array_end = .)
                0x080092ec                        . = ALIGN (0x4)

.init_array     0x080092ec        0x4
                0x080092ec                        . = ALIGN (0x4)
                0x080092ec                        PROVIDE (__init_array_start = .)
 *(SORT_BY_NAME(.init_array.*))
 *(.init_array*)
 .init_array    0x080092ec        0x4 C:/ST/STM32CubeIDE_1.19.0/STM32CubeIDE/plugins/com.st.stm32cube.ide.mcu.externaltools.gnu-tools-for-stm32.13.3.rel1.win32_1.0.0.202411081344/tools/bin/../lib/gcc/arm-none-eabi/13.3.1/thumb/v7e-m+fp/hard/crtbegin.o
                0x080092f0                        PROVIDE (__init_array_end = .)
                0x080092f0                        . = ALIGN (0x4)

.fini_array     0x080092f0        0x4
                0x080092f0                        . = ALIGN (0x4)
                [!provide]                        PROVIDE (__fini_array_start = .)
 *(SORT_BY_NAME(.fini_array.*))
 *(.fini_array*)
 .fini_array    0x080092f0        0x4 C:/ST/STM32CubeIDE_1.19.0/STM32CubeIDE/plugins/com.st.stm32cube.ide.mcu.externaltools.gnu-tools-for-stm32.13.3.rel1.win32_1.0.0.202411081344/tools/bin/../lib/gcc/arm-none-eabi/13.3.1/thumb/v7e-m+fp/hard/crtbegin.o
                [!provide]                        PROVIDE (__fini_array_end = .)
                0x080092f4                        . = ALIGN (0x4)
                0x080092f4                        _sidata = LOADADDR (.data)

.rel.dyn        0x080092f4        0x0
 .rel.iplt      0x080092f4        0x0 C:/ST/STM32CubeIDE_1.19.0/STM32CubeIDE/plugins/com.st.stm32cube.ide.mcu.externaltools.gnu-tools-for-stm32.13.3.rel1.win32_1.0.0.202411081344/tools/bin/../lib/gcc/arm-none-eabi/13.3.1/thumb/v7e-m+fp/hard/crtbegin.o

.data           0x20000000       0x6c load address 0x080092f4
                0x20000000                        . = ALIGN (0x4)
                0x20000000                        _sdata = .
 *(.data)
 *(.data*)
 .data.SystemCoreClock
                0x20000000        0x4 ./Core/Src/system_stm32f4xx.o
                0x20000000                SystemCoreClock
 .data.uwTickPrio
                0x20000004        0x4 ./Drivers/STM32F4xx_HAL_Driver/Src/stm32f4xx_hal.o
                0x20000004                uwTickPrio
 .data.uwTickFreq
                0x20000008        0x1 ./Drivers/STM32F4xx_HAL_Driver/Src/stm32f4xx_hal.o
                0x20000008                uwTickFreq
 *fill*         0x20000009        0x3 
 .data.g_sdrec_card_transfer_clock_div
                0x2000000c        0x4 ./sdrec/source/sdrec_card_port.o
 .data.__sglue  0x20000010        0xc C:/ST/STM32CubeIDE_1.19.0/STM32CubeIDE/plugins/com.st.stm32cube.ide.mcu.externaltools.gnu-tools-for-stm32.13.3.rel1.win32_1.0.0.202411081344/tools/bin/../lib/gcc/arm-none-eabi/13.3.1/../../../../arm-none-eabi/lib/thumb/v7e-m+fp/hard\libc_nano.a(libc_a-findfp.o)
                0x20000010                __sglue
 .data._impure_ptr
                0x2000001c        0x4 C:/ST/STM32CubeIDE_1.19.0/STM32CubeIDE/plugins/com.st.stm32cube.ide.mcu.externaltools.gnu-tools-for-stm32.13.3.rel1.win32_1.0.0.202411081344/tools/bin/../lib/gcc/arm-none-eabi/13.3.1/../../../../arm-none-eabi/lib/thumb/v7e-m+fp/hard\libc_nano.a(libc_a-impure.o)
                0x2000001c                _impure_ptr
 .data._impure_data
                0x20000020       0x4c C:/ST/STM32CubeIDE_1.19.0/STM32CubeIDE/plugins/com.st.stm32cube.ide.mcu.externaltools.gnu-tools-for-stm32.13.3.rel1.win32_1.0.0.202411081344/tools/bin/../lib/gcc/arm-none-eabi/13.3.1/../../../../arm-none-eabi/lib/thumb/v7e-m+fp/hard\libc_nano.a(libc_a-impure.o)
                0x20000020                _impure_data
 *(.RamFunc)
 *(.RamFunc*)
                0x2000006c                        . = ALIGN (0x4)
                0x2000006c                        _edata = .

.igot.plt       0x2000006c        0x0 load address 0x08009360
 .igot.plt      0x2000006c        0x0 C:/ST/STM32CubeIDE_1.19.0/STM32CubeIDE/plugins/com.st.stm32cube.ide.mcu.externaltools.gnu-tools-for-stm32.13.3.rel1.win32_1.0.0.202411081344/tools/bin/../lib/gcc/arm-none-eabi/13.3.1/thumb/v7e-m+fp/hard/crtbegin.o
                0x2000006c                        . = ALIGN (0x4)

.bss            0x2000006c     0x1fcc load address 0x08009360
                0x2000006c                        _sbss = .
                0x2000006c                        __bss_start__ = _sbss
 *(.bss)
 .bss           0x2000006c       0x1c C:/ST/STM32CubeIDE_1.19.0/STM32CubeIDE/plugins/com.st.stm32cube.ide.mcu.externaltools.gnu-tools-for-stm32.13.3.rel1.win32_1.0.0.202411081344/tools/bin/../lib/gcc/arm-none-eabi/13.3.1/thumb/v7e-m+fp/hard/crtbegin.o
 *(.bss*)
 .bss.g_sdrec_runtime
                0x20000088     0x1c6c ./Core/Src/main.o
 .bss.g_wave_table_source
                0x20001cf4       0x1c ./Core/Src/main.o
 .bss.hsd       0x20001d10       0x84 ./Core/Src/sdio.o
                0x20001d10                hsd
 .bss.hdma_sdio_rx
                0x20001d94       0x60 ./Core/Src/sdio.o
                0x20001d94                hdma_sdio_rx
 .bss.hdma_sdio_tx
                0x20001df4       0x60 ./Core/Src/sdio.o
                0x20001df4                hdma_sdio_tx
 .bss.__sbrk_heap_end
                0x20001e54        0x4 ./Core/Src/sysmem.o
 .bss.huart2    0x20001e58       0x48 ./Core/Src/usart.o
                0x20001e58                huart2
 .bss.uwTick    0x20001ea0        0x4 ./Drivers/STM32F4xx_HAL_Driver/Src/stm32f4xx_hal.o
                0x20001ea0                uwTick
 .bss.g_sdrec_card_last_error
                0x20001ea4        0x4 ./sdrec/source/sdrec_card_port.o
 .bss.g_sdrec_card_retry_stats
                0x20001ea8       0x18 ./sdrec/source/sdrec_card_port.o
 .bss.g_sdrec_card_policy
                0x20001ec0        0xc ./sdrec/source/sdrec_card_port.o
 .bss.g_sdrec_card_transfer_bus_width
                0x20001ecc        0x1 ./sdrec/source/sdrec_card_port.o
 *fill*         0x20001ecd        0x3 
 .bss.g_sdrec_card_async_write
                0x20001ed0       0x1c ./sdrec/source/sdrec_card_port.o
 .bss.__sf      0x20001eec      0x138 C:/ST/STM32CubeIDE_1.19.0/STM32CubeIDE/plugins/com.st.stm32cube.ide.mcu.externaltools.gnu-tools-for-stm32.13.3.rel1.win32_1.0.0.202411081344/tools/bin/../lib/gcc/arm-none-eabi/13.3.1/../../../../arm-none-eabi/lib/thumb/v7e-m+fp/hard\libc_nano.a(libc_a-findfp.o)
                0x20001eec                __sf
 .bss.__stdio_exit_handler
                0x20002024        0x4 C:/ST/STM32CubeIDE_1.19.0/STM32CubeIDE/plugins/com.st.stm32cube.ide.mcu.externaltools.gnu-tools-for-stm32.13.3.rel1.win32_1.0.0.202411081344/tools/bin/../lib/gcc/arm-none-eabi/13.3.1/../../../../arm-none-eabi/lib/thumb/v7e-m+fp/hard\libc_nano.a(libc_a-findfp.o)
                0x20002024                __stdio_exit_handler
 .bss.errno     0x20002028        0x4 C:/ST/STM32CubeIDE_1.19.0/STM32CubeIDE/plugins/com.st.stm32cube.ide.mcu.externaltools.gnu-tools-for-stm32.13.3.rel1.win32_1.0.0.202411081344/tools/bin/../lib/gcc/arm-none-eabi/13.3.1/../../../../arm-none-eabi/lib/thumb/v7e-m+fp/hard\libc_nano.a(libc_a-reent.o)
                0x20002028                errno
 .bss.__lock___malloc_recursive_mutex
                0x2000202c        0x1 C:/ST/STM32CubeIDE_1.19.0/STM32CubeIDE/plugins/com.st.stm32cube.ide.mcu.externaltools.gnu-tools-for-stm32.13.3.rel1.win32_1.0.0.202411081344/tools/bin/../lib/gcc/arm-none-eabi/13.3.1/../../../../arm-none-eabi/lib/thumb/v7e-m+fp/hard\libc_nano.a(libc_a-lock.o)
                0x2000202c                __lock___malloc_recursive_mutex
 .bss.__lock___sfp_recursive_mutex
                0x2000202d        0x1 C:/ST/STM32CubeIDE_1.19.0/STM32CubeIDE/plugins/com.st.stm32cube.ide.mcu.externaltools.gnu-tools-for-stm32.13.3.rel1.win32_1.0.0.202411081344/tools/bin/../lib/gcc/arm-none-eabi/13.3.1/../../../../arm-none-eabi/lib/thumb/v7e-m+fp/hard\libc_nano.a(libc_a-lock.o)
                0x2000202d                __lock___sfp_recursive_mutex
 *fill*         0x2000202e        0x2 
 .bss.__malloc_sbrk_start
                0x20002030        0x4 C:/ST/STM32CubeIDE_1.19.0/STM32CubeIDE/plugins/com.st.stm32cube.ide.mcu.externaltools.gnu-tools-for-stm32.13.3.rel1.win32_1.0.0.202411081344/tools/bin/../lib/gcc/arm-none-eabi/13.3.1/../../../../arm-none-eabi/lib/thumb/v7e-m+fp/hard\libc_nano.a(libc_a-mallocr.o)
                0x20002030                __malloc_sbrk_start
 .bss.__malloc_free_list
                0x20002034        0x4 C:/ST/STM32CubeIDE_1.19.0/STM32CubeIDE/plugins/com.st.stm32cube.ide.mcu.externaltools.gnu-tools-for-stm32.13.3.rel1.win32_1.0.0.202411081344/tools/bin/../lib/gcc/arm-none-eabi/13.3.1/../../../../arm-none-eabi/lib/thumb/v7e-m+fp/hard\libc_nano.a(libc_a-mallocr.o)
                0x20002034                __malloc_free_list
 *(COMMON)
                0x20002038                        . = ALIGN (0x4)
                0x20002038                        _ebss = .
                0x20002038                        __bss_end__ = _ebss

._user_heap_stack
                0x20002038      0x600 load address 0x08009360
                0x20002038                        . = ALIGN (0x8)
                [!provide]                        PROVIDE (end = .)
                0x20002038                        PROVIDE (_end = .)
                0x20002238                        . = (. + _Min_Heap_Size)
 *fill*         0x20002038      0x200 
                0x20002638                        . = (. + _Min_Stack_Size)
 *fill*         0x20002238      0x400 
                0x20002638                        . = ALIGN (0x8)

/DISCARD/
 libc.a(*)
 libm.a(*)
 libgcc.a(*)

.ARM.attributes
                0x00000000       0x30
 *(.ARM.attributes)
 .ARM.attributes
                0x00000000       0x22 C:/ST/STM32CubeIDE_1.19.0/STM32CubeIDE/plugins/com.st.stm32cube.ide.mcu.externaltools.gnu-tools-for-stm32.13.3.rel1.win32_1.0.0.202411081344/tools/bin/../lib/gcc/arm-none-eabi/13.3.1/thumb/v7e-m+fp/hard/crti.o
 .ARM.attributes
                0x00000022       0x34 C:/ST/STM32CubeIDE_1.19.0/STM32CubeIDE/plugins/com.st.stm32cube.ide.mcu.externaltools.gnu-tools-for-stm32.13.3.rel1.win32_1.0.0.202411081344/tools/bin/../lib/gcc/arm-none-eabi/13.3.1/thumb/v7e-m+fp/hard/crtbegin.o
 .ARM.attributes
                0x00000056       0x34 ./Core/Src/dma.o
 .ARM.attributes
                0x0000008a       0x34 ./Core/Src/gpio.o
 .ARM.attributes
                0x000000be       0x34 ./Core/Src/main.o
 .ARM.attributes
                0x000000f2       0x34 ./Core/Src/sdio.o
 .ARM.attributes
                0x00000126       0x34 ./Core/Src/stm32f4xx_hal_msp.o
 .ARM.attributes
                0x0000015a       0x34 ./Core/Src/stm32f4xx_it.o
 .ARM.attributes
                0x0000018e       0x34 ./Core/Src/syscalls.o
 .ARM.attributes
                0x000001c2       0x34 ./Core/Src/sysmem.o
 .ARM.attributes
                0x000001f6       0x34 ./Core/Src/system_stm32f4xx.o
 .ARM.attributes
                0x0000022a       0x34 ./Core/Src/usart.o
 .ARM.attributes
                0x0000025e       0x21 ./Core/Startup/startup_stm32f411retx.o
 .ARM.attributes
                0x0000027f       0x34 ./Drivers/STM32F4xx_HAL_Driver/Src/stm32f4xx_hal.o
 .ARM.attributes
                0x000002b3       0x34 ./Drivers/STM32F4xx_HAL_Driver/Src/stm32f4xx_hal_cortex.o
 .ARM.attributes
                0x000002e7       0x34 ./Drivers/STM32F4xx_HAL_Driver/Src/stm32f4xx_hal_dma.o
 .ARM.attributes
                0x0000031b       0x34 ./Drivers/STM32F4xx_HAL_Driver/Src/stm32f4xx_hal_gpio.o
 .ARM.attributes
                0x0000034f       0x34 ./Drivers/STM32F4xx_HAL_Driver/Src/stm32f4xx_hal_rcc.o
 .ARM.attributes
                0x00000383       0x34 ./Drivers/STM32F4xx_HAL_Driver/Src/stm32f4xx_hal_sd.o
 .ARM.attributes
                0x000003b7       0x34 ./Drivers/STM32F4xx_HAL_Driver/Src/stm32f4xx_hal_uart.o
 .ARM.attributes
                0x000003eb       0x34 ./Drivers/STM32F4xx_HAL_Driver/Src/stm32f4xx_ll_sdmmc.o
 .ARM.attributes
                0x0000041f       0x34 ./sdrec/source/sdrec_card_port.o
 .ARM.attributes
                0x00000453       0x34 ./sdrec/source/sdrec_crc32.o
 .ARM.attributes
                0x00000487       0x34 ./sdrec/source/sdrec_layout_v3.o
 .ARM.attributes
                0x000004bb       0x34 ./sdrec/source/sdrec_pipe.o
 .ARM.attributes
                0x000004ef       0x34 ./sdrec/source/sdrec_runtime.o
 .ARM.attributes
                0x00000523       0x34 ./sdrec/source/sdrec_sink.o
 .ARM.attributes
                0x00000557       0x34 ./sdrec/source/sdrec_source_api.o
 .ARM.attributes
                0x0000058b       0x34 ./sdrec/source/sdrec_source_wave_table.o
 .ARM.attributes
                0x000005bf       0x34 ./sdrec/source/sdrec_source_wave_table_data.o
 .ARM.attributes
                0x000005f3       0x34 C:/ST/STM32CubeIDE_1.19.0/STM32CubeIDE/plugins/com.st.stm32cube.ide.mcu.externaltools.gnu-tools-for-stm32.13.3.rel1.win32_1.0.0.202411081344/tools/bin/../lib/gcc/arm-none-eabi/13.3.1/../../../../arm-none-eabi/lib/thumb/v7e-m+fp/hard\libc_nano.a(libc_a-findfp.o)
 .ARM.attributes
                0x00000627       0x34 C:/ST/STM32CubeIDE_1.19.0/STM32CubeIDE/plugins/com.st.stm32cube.ide.mcu.externaltools.gnu-tools-for-stm32.13.3.rel1.win32_1.0.0.202411081344/tools/bin/../lib/gcc/arm-none-eabi/13.3.1/../../../../arm-none-eabi/lib/thumb/v7e-m+fp/hard\libc_nano.a(libc_a-fwalk.o)
 .ARM.attributes
                0x0000065b       0x34 C:/ST/STM32CubeIDE_1.19.0/STM32CubeIDE/plugins/com.st.stm32cube.ide.mcu.externaltools.gnu-tools-for-stm32.13.3.rel1.win32_1.0.0.202411081344/tools/bin/../lib/gcc/arm-none-eabi/13.3.1/../../../../arm-none-eabi/lib/thumb/v7e-m+fp/hard\libc_nano.a(libc_a-printf.o)
 .ARM.attributes
                0x0000068f       0x34 C:/ST/STM32CubeIDE_1.19.0/STM32CubeIDE/plugins/com.st.stm32cube.ide.mcu.externaltools.gnu-tools-for-stm32.13.3.rel1.win32_1.0.0.202411081344/tools/bin/../lib/gcc/arm-none-eabi/13.3.1/../../../../arm-none-eabi/lib/thumb/v7e-m+fp/hard\libc_nano.a(libc_a-puts.o)
 .ARM.attributes
                0x000006c3       0x34 C:/ST/STM32CubeIDE_1.19.0/STM32CubeIDE/plugins/com.st.stm32cube.ide.mcu.externaltools.gnu-tools-for-stm32.13.3.rel1.win32_1.0.0.202411081344/tools/bin/../lib/gcc/arm-none-eabi/13.3.1/../../../../arm-none-eabi/lib/thumb/v7e-m+fp/hard\libc_nano.a(libc_a-stdio.o)
 .ARM.attributes
                0x000006f7       0x34 C:/ST/STM32CubeIDE_1.19.0/STM32CubeIDE/plugins/com.st.stm32cube.ide.mcu.externaltools.gnu-tools-for-stm32.13.3.rel1.win32_1.0.0.202411081344/tools/bin/../lib/gcc/arm-none-eabi/13.3.1/../../../../arm-none-eabi/lib/thumb/v7e-m+fp/hard\libc_nano.a(libc_a-wbuf.o)
 .ARM.attributes
                0x0000072b       0x34 C:/ST/STM32CubeIDE_1.19.0/STM32CubeIDE/plugins/com.st.stm32cube.ide.mcu.externaltools.gnu-tools-for-stm32.13.3.rel1.win32_1.0.0.202411081344/tools/bin/../lib/gcc/arm-none-eabi/13.3.1/../../../../arm-none-eabi/lib/thumb/v7e-m+fp/hard\libc_nano.a(libc_a-wsetup.o)
 .ARM.attributes
                0x0000075f       0x34 C:/ST/STM32CubeIDE_1.19.0/STM32CubeIDE/plugins/com.st.stm32cube.ide.mcu.externaltools.gnu-tools-for-stm32.13.3.rel1.win32_1.0.0.202411081344/tools/bin/../lib/gcc/arm-none-eabi/13.3.1/../../../../arm-none-eabi/lib/thumb/v7e-m+fp/hard\libc_nano.a(libc_a-memcmp.o)
 .ARM.attributes
                0x00000793       0x34 C:/ST/STM32CubeIDE_1.19.0/STM32CubeIDE/plugins/com.st.stm32cube.ide.mcu.externaltools.gnu-tools-for-stm32.13.3.rel1.win32_1.0.0.202411081344/tools/bin/../lib/gcc/arm-none-eabi/13.3.1/../../../../arm-none-eabi/lib/thumb/v7e-m+fp/hard\libc_nano.a(libc_a-memset.o)
 .ARM.attributes
                0x000007c7       0x34 C:/ST/STM32CubeIDE_1.19.0/STM32CubeIDE/plugins/com.st.stm32cube.ide.mcu.externaltools.gnu-tools-for-stm32.13.3.rel1.win32_1.0.0.202411081344/tools/bin/../lib/gcc/arm-none-eabi/13.3.1/../../../../arm-none-eabi/lib/thumb/v7e-m+fp/hard\libc_nano.a(libc_a-closer.o)
 .ARM.attributes
                0x000007fb       0x34 C:/ST/STM32CubeIDE_1.19.0/STM32CubeIDE/plugins/com.st.stm32cube.ide.mcu.externaltools.gnu-tools-for-stm32.13.3.rel1.win32_1.0.0.202411081344/tools/bin/../lib/gcc/arm-none-eabi/13.3.1/../../../../arm-none-eabi/lib/thumb/v7e-m+fp/hard\libc_nano.a(libc_a-reent.o)
 .ARM.attributes
                0x0000082f       0x34 C:/ST/STM32CubeIDE_1.19.0/STM32CubeIDE/plugins/com.st.stm32cube.ide.mcu.externaltools.gnu-tools-for-stm32.13.3.rel1.win32_1.0.0.202411081344/tools/bin/../lib/gcc/arm-none-eabi/13.3.1/../../../../arm-none-eabi/lib/thumb/v7e-m+fp/hard\libc_nano.a(libc_a-impure.o)
 .ARM.attributes
                0x00000863       0x34 C:/ST/STM32CubeIDE_1.19.0/STM32CubeIDE/plugins/com.st.stm32cube.ide.mcu.externaltools.gnu-tools-for-stm32.13.3.rel1.win32_1.0.0.202411081344/tools/bin/../lib/gcc/arm-none-eabi/13.3.1/../../../../arm-none-eabi/lib/thumb/v7e-m+fp/hard\libc_nano.a(libc_a-lseekr.o)
 .ARM.attributes
                0x00000897       0x34 C:/ST/STM32CubeIDE_1.19.0/STM32CubeIDE/plugins/com.st.stm32cube.ide.mcu.externaltools.gnu-tools-for-stm32.13.3.rel1.win32_1.0.0.202411081344/tools/bin/../lib/gcc/arm-none-eabi/13.3.1/../../../../arm-none-eabi/lib/thumb/v7e-m+fp/hard\libc_nano.a(libc_a-readr.o)
 .ARM.attributes
                0x000008cb       0x34 C:/ST/STM32CubeIDE_1.19.0/STM32CubeIDE/plugins/com.st.stm32cube.ide.mcu.externaltools.gnu-tools-for-stm32.13.3.rel1.win32_1.0.0.202411081344/tools/bin/../lib/gcc/arm-none-eabi/13.3.1/../../../../arm-none-eabi/lib/thumb/v7e-m+fp/hard\libc_nano.a(libc_a-writer.o)
 .ARM.attributes
                0x000008ff       0x34 C:/ST/STM32CubeIDE_1.19.0/STM32CubeIDE/plugins/com.st.stm32cube.ide.mcu.externaltools.gnu-tools-for-stm32.13.3.rel1.win32_1.0.0.202411081344/tools/bin/../lib/gcc/arm-none-eabi/13.3.1/../../../../arm-none-eabi/lib/thumb/v7e-m+fp/hard\libc_nano.a(libc_a-errno.o)
 .ARM.attributes
                0x00000933       0x34 C:/ST/STM32CubeIDE_1.19.0/STM32CubeIDE/plugins/com.st.stm32cube.ide.mcu.externaltools.gnu-tools-for-stm32.13.3.rel1.win32_1.0.0.202411081344/tools/bin/../lib/gcc/arm-none-eabi/13.3.1/../../../../arm-none-eabi/lib/thumb/v7e-m+fp/hard\libc_nano.a(libc_a-init.o)
 .ARM.attributes
                0x00000967       0x34 C:/ST/STM32CubeIDE_1.19.0/STM32CubeIDE/plugins/com.st.stm32cube.ide.mcu.externaltools.gnu-tools-for-stm32.13.3.rel1.win32_1.0.0.202411081344/tools/bin/../lib/gcc/arm-none-eabi/13.3.1/../../../../arm-none-eabi/lib/thumb/v7e-m+fp/hard\libc_nano.a(libc_a-lock.o)
 .ARM.attributes
                0x0000099b       0x34 C:/ST/STM32CubeIDE_1.19.0/STM32CubeIDE/plugins/com.st.stm32cube.ide.mcu.externaltools.gnu-tools-for-stm32.13.3.rel1.win32_1.0.0.202411081344/tools/bin/../lib/gcc/arm-none-eabi/13.3.1/../../../../arm-none-eabi/lib/thumb/v7e-m+fp/hard\libc_nano.a(libc_a-memcpy-stub.o)
 .ARM.attributes
                0x000009cf       0x34 C:/ST/STM32CubeIDE_1.19.0/STM32CubeIDE/plugins/com.st.stm32cube.ide.mcu.externaltools.gnu-tools-for-stm32.13.3.rel1.win32_1.0.0.202411081344/tools/bin/../lib/gcc/arm-none-eabi/13.3.1/../../../../arm-none-eabi/lib/thumb/v7e-m+fp/hard\libc_nano.a(libc_a-freer.o)
 .ARM.attributes
                0x00000a03       0x34 C:/ST/STM32CubeIDE_1.19.0/STM32CubeIDE/plugins/com.st.stm32cube.ide.mcu.externaltools.gnu-tools-for-stm32.13.3.rel1.win32_1.0.0.202411081344/tools/bin/../lib/gcc/arm-none-eabi/13.3.1/../../../../arm-none-eabi/lib/thumb/v7e-m+fp/hard\libc_nano.a(libc_a-mallocr.o)
 .ARM.attributes
                0x00000a37       0x34 C:/ST/STM32CubeIDE_1.19.0/STM32CubeIDE/plugins/com.st.stm32cube.ide.mcu.externaltools.gnu-tools-for-stm32.13.3.rel1.win32_1.0.0.202411081344/tools/bin/../lib/gcc/arm-none-eabi/13.3.1/../../../../arm-none-eabi/lib/thumb/v7e-m+fp/hard\libc_nano.a(libc_a-mlock.o)
 .ARM.attributes
                0x00000a6b       0x34 C:/ST/STM32CubeIDE_1.19.0/STM32CubeIDE/plugins/com.st.stm32cube.ide.mcu.externaltools.gnu-tools-for-stm32.13.3.rel1.win32_1.0.0.202411081344/tools/bin/../lib/gcc/arm-none-eabi/13.3.1/../../../../arm-none-eabi/lib/thumb/v7e-m+fp/hard\libc_nano.a(libc_a-nano-vfprintf.o)
 .ARM.attributes
                0x00000a9f       0x34 C:/ST/STM32CubeIDE_1.19.0/STM32CubeIDE/plugins/com.st.stm32cube.ide.mcu.externaltools.gnu-tools-for-stm32.13.3.rel1.win32_1.0.0.202411081344/tools/bin/../lib/gcc/arm-none-eabi/13.3.1/../../../../arm-none-eabi/lib/thumb/v7e-m+fp/hard\libc_nano.a(libc_a-nano-vfprintf_i.o)
 .ARM.attributes
                0x00000ad3       0x34 C:/ST/STM32CubeIDE_1.19.0/STM32CubeIDE/plugins/com.st.stm32cube.ide.mcu.externaltools.gnu-tools-for-stm32.13.3.rel1.win32_1.0.0.202411081344/tools/bin/../lib/gcc/arm-none-eabi/13.3.1/../../../../arm-none-eabi/lib/thumb/v7e-m+fp/hard\libc_nano.a(libc_a-fflush.o)
 .ARM.attributes
                0x00000b07       0x34 C:/ST/STM32CubeIDE_1.19.0/STM32CubeIDE/plugins/com.st.stm32cube.ide.mcu.externaltools.gnu-tools-for-stm32.13.3.rel1.win32_1.0.0.202411081344/tools/bin/../lib/gcc/arm-none-eabi/13.3.1/../../../../arm-none-eabi/lib/thumb/v7e-m+fp/hard\libc_nano.a(libc_a-makebuf.o)
 .ARM.attributes
                0x00000b3b       0x34 C:/ST/STM32CubeIDE_1.19.0/STM32CubeIDE/plugins/com.st.stm32cube.ide.mcu.externaltools.gnu-tools-for-stm32.13.3.rel1.win32_1.0.0.202411081344/tools/bin/../lib/gcc/arm-none-eabi/13.3.1/../../../../arm-none-eabi/lib/thumb/v7e-m+fp/hard\libc_nano.a(libc_a-fstatr.o)
 .ARM.attributes
                0x00000b6f       0x34 C:/ST/STM32CubeIDE_1.19.0/STM32CubeIDE/plugins/com.st.stm32cube.ide.mcu.externaltools.gnu-tools-for-stm32.13.3.rel1.win32_1.0.0.202411081344/tools/bin/../lib/gcc/arm-none-eabi/13.3.1/../../../../arm-none-eabi/lib/thumb/v7e-m+fp/hard\libc_nano.a(libc_a-isattyr.o)
 .ARM.attributes
                0x00000ba3       0x34 C:/ST/STM32CubeIDE_1.19.0/STM32CubeIDE/plugins/com.st.stm32cube.ide.mcu.externaltools.gnu-tools-for-stm32.13.3.rel1.win32_1.0.0.202411081344/tools/bin/../lib/gcc/arm-none-eabi/13.3.1/../../../../arm-none-eabi/lib/thumb/v7e-m+fp/hard\libc_nano.a(libc_a-sbrkr.o)
 .ARM.attributes
                0x00000bd7       0x1c C:/ST/STM32CubeIDE_1.19.0/STM32CubeIDE/plugins/com.st.stm32cube.ide.mcu.externaltools.gnu-tools-for-stm32.13.3.rel1.win32_1.0.0.202411081344/tools/bin/../lib/gcc/arm-none-eabi/13.3.1/../../../../arm-none-eabi/lib/thumb/v7e-m+fp/hard\libc_nano.a(libc_a-memchr.o)
 .ARM.attributes
                0x00000bf3       0x22 C:/ST/STM32CubeIDE_1.19.0/STM32CubeIDE/plugins/com.st.stm32cube.ide.mcu.externaltools.gnu-tools-for-stm32.13.3.rel1.win32_1.0.0.202411081344/tools/bin/../lib/gcc/arm-none-eabi/13.3.1/thumb/v7e-m+fp/hard\libgcc.a(_aeabi_uldivmod.o)
 .ARM.attributes
                0x00000c15       0x34 C:/ST/STM32CubeIDE_1.19.0/STM32CubeIDE/plugins/com.st.stm32cube.ide.mcu.externaltools.gnu-tools-for-stm32.13.3.rel1.win32_1.0.0.202411081344/tools/bin/../lib/gcc/arm-none-eabi/13.3.1/thumb/v7e-m+fp/hard\libgcc.a(_udivmoddi4.o)
 .ARM.attributes
                0x00000c49       0x22 C:/ST/STM32CubeIDE_1.19.0/STM32CubeIDE/plugins/com.st.stm32cube.ide.mcu.externaltools.gnu-tools-for-stm32.13.3.rel1.win32_1.0.0.202411081344/tools/bin/../lib/gcc/arm-none-eabi/13.3.1/thumb/v7e-m+fp/hard\libgcc.a(_dvmd_tls.o)
 .ARM.attributes
                0x00000c6b       0x22 C:/ST/STM32CubeIDE_1.19.0/STM32CubeIDE/plugins/com.st.stm32cube.ide.mcu.externaltools.gnu-tools-for-stm32.13.3.rel1.win32_1.0.0.202411081344/tools/bin/../lib/gcc/arm-none-eabi/13.3.1/thumb/v7e-m+fp/hard/crtn.o
OUTPUT(ARES26_sdraw_filesystem_ver_1.0.elf elf32-littlearm)
LOAD linker stubs
LOAD C:/ST/STM32CubeIDE_1.19.0/STM32CubeIDE/plugins/com.st.stm32cube.ide.mcu.externaltools.gnu-tools-for-stm32.13.3.rel1.win32_1.0.0.202411081344/tools/bin/../lib/gcc/arm-none-eabi/13.3.1/../../../../arm-none-eabi/lib/thumb/v7e-m+fp/hard\libc.a
LOAD C:/ST/STM32CubeIDE_1.19.0/STM32CubeIDE/plugins/com.st.stm32cube.ide.mcu.externaltools.gnu-tools-for-stm32.13.3.rel1.win32_1.0.0.202411081344/tools/bin/../lib/gcc/arm-none-eabi/13.3.1/../../../../arm-none-eabi/lib/thumb/v7e-m+fp/hard\libm.a
LOAD C:/ST/STM32CubeIDE_1.19.0/STM32CubeIDE/plugins/com.st.stm32cube.ide.mcu.externaltools.gnu-tools-for-stm32.13.3.rel1.win32_1.0.0.202411081344/tools/bin/../lib/gcc/arm-none-eabi/13.3.1/thumb/v7e-m+fp/hard\libgcc.a

.debug_info     0x00000000    0x12fc3
 .debug_info    0x00000000      0x445 ./Core/Src/dma.o
 .debug_info    0x00000445      0x44f ./Core/Src/gpio.o
 .debug_info    0x00000894     0x194a ./Core/Src/main.o
 .debug_info    0x000021de      0xcdf ./Core/Src/sdio.o
 .debug_info    0x00002ebd      0x2a4 ./Core/Src/stm32f4xx_hal_msp.o
 .debug_info    0x00003161      0x789 ./Core/Src/stm32f4xx_it.o
 .debug_info    0x000038ea      0x6a3 ./Core/Src/syscalls.o
 .debug_info    0x00003f8d      0x168 ./Core/Src/sysmem.o
 .debug_info    0x000040f5      0x53e ./Core/Src/system_stm32f4xx.o
 .debug_info    0x00004633      0x94e ./Core/Src/usart.o
 .debug_info    0x00004f81       0x30 ./Core/Startup/startup_stm32f411retx.o
 .debug_info    0x00004fb1      0x8c4 ./Drivers/STM32F4xx_HAL_Driver/Src/stm32f4xx_hal.o
 .debug_info    0x00005875      0xcfc ./Drivers/STM32F4xx_HAL_Driver/Src/stm32f4xx_hal_cortex.o
 .debug_info    0x00006571      0x8e6 ./Drivers/STM32F4xx_HAL_Driver/Src/stm32f4xx_hal_dma.o
 .debug_info    0x00006e57      0x6f9 ./Drivers/STM32F4xx_HAL_Driver/Src/stm32f4xx_hal_gpio.o
 .debug_info    0x00007550      0x904 ./Drivers/STM32F4xx_HAL_Driver/Src/stm32f4xx_hal_rcc.o
 .debug_info    0x00007e54     0x1c03 ./Drivers/STM32F4xx_HAL_Driver/Src/stm32f4xx_hal_sd.o
 .debug_info    0x00009a57     0x2f56 ./Drivers/STM32F4xx_HAL_Driver/Src/stm32f4xx_hal_uart.o
 .debug_info    0x0000c9ad     0x10c4 ./Drivers/STM32F4xx_HAL_Driver/Src/stm32f4xx_ll_sdmmc.o
 .debug_info    0x0000da71     0x102e ./sdrec/source/sdrec_card_port.o
 .debug_info    0x0000ea9f      0x18b ./sdrec/source/sdrec_crc32.o
 .debug_info    0x0000ec2a      0x863 ./sdrec/source/sdrec_layout_v3.o
 .debug_info    0x0000f48d      0xc14 ./sdrec/source/sdrec_pipe.o
 .debug_info    0x000100a1      0xb1d ./sdrec/source/sdrec_runtime.o
 .debug_info    0x00010bbe     0x1214 ./sdrec/source/sdrec_sink.o
 .debug_info    0x00011dd2      0x71c ./sdrec/source/sdrec_source_api.o
 .debug_info    0x000124ee      0xa1f ./sdrec/source/sdrec_source_wave_table.o
 .debug_info    0x00012f0d       0xb6 ./sdrec/source/sdrec_source_wave_table_data.o

.debug_abbrev   0x00000000     0x3563
 .debug_abbrev  0x00000000      0x10e ./Core/Src/dma.o
 .debug_abbrev  0x0000010e      0x151 ./Core/Src/gpio.o
 .debug_abbrev  0x0000025f      0x31b ./Core/Src/main.o
 .debug_abbrev  0x0000057a      0x22a ./Core/Src/sdio.o