../Core/Src/main.c:30:5:__io_putchar	16	static
../Core/Src/main.c:36:13:App_Init	8	static
../Core/Src/main.c:47:13:App_PrintBanner	16	static
../Core/Src/main.c:69:13:App_PrintCardInfo	32	static
../Core/Src/main.c:82:13:App_PrintStartState	16	static
../Core/Src/main.c:93:13:App_HandleWriteStep	128	static
../Core/Src/main.c:143:13:App_RunRawStreamLoop	64	static
../Core/Src/main.c:169:13:App_Fatal	40	static
../Core/Src/main.c:185:5:main	16	static
../Core/Src/main.c:227:6:SystemClock_Config	88	static
../Core/Src/main.c:265:6:Error_Handler	4	static,ignoring_inline_asm
