../Core/Src/raw_diskio.c:51:12:raw_sd_is_word_aligned	16	static
../Core/Src/raw_diskio.c:56:13:raw_sd_note_status	16	static
../Core/Src/raw_diskio.c:62:13:raw_sd_apply_safe_init_template	4	static
../Core/Src/raw_diskio.c:72:17:raw_sd_compute_read_timeout	16	static
../Core/Src/raw_diskio.c:78:17:raw_sd_compute_write_timeout	16	static
../Core/Src/raw_diskio.c:84:13:raw_sd_async_write_clear	8	static
../Core/Src/raw_diskio.c:89:24:raw_sd_apply_transfer_clock	16	static
../Core/Src/raw_diskio.c:110:24:raw_sd_apply_bus_width	24	static
../Core/Src/raw_diskio.c:134:24:raw_sd_recover_link	16	static
../Core/Src/raw_diskio.c:173:24:raw_sd_read_once	40	static
../Core/Src/raw_diskio.c:195:24:raw_sd_write_once	40	static
../Core/Src/raw_diskio.c:217:24:raw_sd_async_write_issue	8	static
../Core/Src/raw_diskio.c:237:24:raw_sd_async_write_retry_or_fail	24	static
../Core/Src/raw_diskio.c:272:10:raw_sd_get_last_error	4	static
../Core/Src/raw_diskio.c:277:25:raw_sd_get_card_state	8	static
../Core/Src/raw_diskio.c:282:6:raw_sd_get_card_info	16	static
../Core/Src/raw_diskio.c:290:6:raw_sd_get_retry_stats	24	static
../Core/Src/raw_diskio.c:298:6:raw_sd_reset_retry_stats	8	static
../Core/Src/raw_diskio.c:303:17:raw_sd_wait_ready	24	static
../Core/Src/raw_diskio.c:322:17:raw_sd_init	16	static
../Core/Src/raw_diskio.c:337:17:raw_sd_reconfigure	24	static
../Core/Src/raw_diskio.c:372:17:raw_sd_read_blocks	32	static
../Core/Src/raw_diskio.c:412:17:raw_sd_write_blocks	32	static
../Core/Src/raw_diskio.c:452:17:raw_sd_write_blocks_async_start	32	static
../Core/Src/raw_diskio.c:494:17:raw_sd_write_blocks_async_service	16	static
../Core/Src/raw_diskio.c:534:5:raw_sd_write_blocks_async_busy	4	static
../Core/Src/raw_diskio.c:539:6:HAL_SD_TxCpltCallback	16	static
../Core/Src/raw_diskio.c:547:6:HAL_SD_RxCpltCallback	16	static
../Core/Src/raw_diskio.c:552:6:HAL_SD_ErrorCallback	16	static
