../Core/Src/raw_diskio.c:10:12:raw_sd_is_word_aligned	16	static
../Core/Src/raw_diskio.c:15:10:raw_sd_get_last_error	4	static
../Core/Src/raw_diskio.c:20:25:raw_sd_get_card_state	8	static
../Core/Src/raw_diskio.c:25:6:raw_sd_get_card_info	16	static
../Core/Src/raw_diskio.c:33:17:raw_sd_wait_ready	24	static
../Core/Src/raw_diskio.c:50:17:raw_sd_init	8	static
../Core/Src/raw_diskio.c:79:17:raw_sd_read_blocks	40	static
../Core/Src/raw_diskio.c:104:17:raw_sd_write_blocks	40	static
../Core/Src/raw_diskio.c:129:17:raw_sd_fill_blocks	40	static
