18:07:52 **** Incremental Build of configuration Debug for project 0318 ****
make -j16 all 
arm-none-eabi-gcc "../Core/Src/main.c" -mcpu=cortex-m4 -std=gnu11 -g3 -DDEBUG -DUSE_HAL_DRIVER -DSTM32F411xE -c -I../Core/Inc -I../Drivers/STM32F4xx_HAL_Driver/Inc -I../Drivers/STM32F4xx_HAL_Driver/Inc/Legacy -I../Drivers/CMSIS/Device/ST/STM32F4xx/Include -I../Drivers/CMSIS/Include -O0 -ffunction-sections -fdata-sections -Wall -fstack-usage -fcyclomatic-complexity -MMD -MP -MF"Core/Src/main.d" -MT"Core/Src/main.o" --specs=nano.specs -mfpu=fpv4-sp-d16 -mfloat-abi=hard -mthumb -o "Core/Src/main.o"
arm-none-eabi-gcc -o "0318.elf" @"objects.list"   -mcpu=cortex-m4 -T"C:\Users\YOOCHAN\Desktop\ongoing_projects\ARES2026\RAW-SDIO\SDIO_RAW_filesystem\0318\0318\STM32F411RETX_FLASH.ld" --specs=nosys.specs -Wl,-Map="0318.map" -Wl,--gc-sections -static --specs=nano.specs -mfpu=fpv4-sp-d16 -mfloat-abi=hard -mthumb -Wl,--start-group -lc -lm -Wl,--end-group
Finished building target: 0318.elf
 
arm-none-eabi-size  0318.elf 
arm-none-eabi-objdump -h -S 0318.elf  > "0318.list"
   text	   data	    bss	    dec	    hex	filename
  17228	     12	   1964	  19204	   4b04	0318.elf
Finished building: default.size.stdout
 
Finished building: 0318.list
 

18:07:53 Build Finished. 0 errors, 0 warnings. (took 1s.119ms)

