../Core/Src/main.c:94:13:fatal	1
../Core/Src/main.c:104:5:__io_putchar	1
../Core/Src/main.c:110:17:wrap_data_lba	3
../Core/Src/main.c:125:12:superblock_valid	10
../Core/Src/main.c:166:12:recover_latest_superblock	6
../Core/Src/main.c:194:13:build_superblock	1
../Core/Src/main.c:226:13:build_data_block	2
../Core/Src/main.c:254:13:init_log_state	2
../Core/Src/main.c:294:13:write_forever	8
../Core/Src/main.c:391:5:main	3
../Core/Src/main.c:434:6:SystemClock_Config	3
../Core/Src/main.c:471:6:Error_Handler	1
