../Core/Src/main.c:32:5:__io_putchar	1
../Core/Src/main.c:38:13:App_Init	1
../Core/Src/main.c:49:13:App_PrintBanner	1
../Core/Src/main.c:64:13:App_PrintCardInfo	1
../Core/Src/main.c:77:13:App_PrintStartState	1
../Core/Src/main.c:88:13:App_PreparePayload	2
../Core/Src/main.c:105:13:App_HandleWriteStep	4
../Core/Src/main.c:143:13:App_RunRawWriterLoop	2
../Core/Src/main.c:165:13:App_Fatal	1
../Core/Src/main.c:178:5:main	4
../Core/Src/main.c:220:6:SystemClock_Config	3
../Core/Src/main.c:258:6:Error_Handler	1
