../Core/Src/main.c:32:5:__io_putchar	16	static
../Core/Src/main.c:38:13:App_Init	8	static
../Core/Src/main.c:49:13:App_PrintBanner	16	static
../Core/Src/main.c:64:13:App_PrintCardInfo	32	static
../Core/Src/main.c:77:13:App_PrintStartState	16	static
../Core/Src/main.c:88:13:App_PreparePayload	16	static
../Core/Src/main.c:105:13:App_HandleWriteStep	56	static
../Core/Src/main.c:143:13:App_RunRawWriterLoop	48	static
../Core/Src/main.c:165:13:App_Fatal	32	static
../Core/Src/main.c:178:5:main	16	static
../Core/Src/main.c:220:6:SystemClock_Config	88	static
../Core/Src/main.c:258:6:Error_Handler	4	static,ignoring_inline_asm
