../Core/Src/raw_log_writer.c:5:12:raw_log_writer_find_latest_superblock	32	static
../Core/Src/raw_log_writer.c:44:13:raw_log_writer_fill_step_info	32	static
../Core/Src/raw_log_writer.c:79:32:raw_log_writer_complete_write	40	static
../Core/Src/raw_log_writer.c:112:13:raw_log_writer_fill_burst_step_info	32	static
../Core/Src/raw_log_writer.c:147:13:raw_log_writer_commit_burst_state	40	static
../Core/Src/raw_log_writer.c:173:32:raw_log_writer_finish_async_burst	80	static
../Core/Src/raw_log_writer.c:224:6:raw_log_writer_init_defaults	16	static
../Core/Src/raw_log_writer.c:238:6:raw_log_writer_set_payload_flags	16	static
../Core/Src/raw_log_writer.c:249:25:raw_log_writer_begin	536	static
../Core/Src/raw_log_writer.c:299:25:raw_log_writer_write_payload	144	static
../Core/Src/raw_log_writer.c:386:5:raw_log_writer_async_busy	16	static
../Core/Src/raw_log_writer.c:396:10:raw_log_writer_get_max_contiguous_write_blocks	16	static
../Core/Src/raw_log_writer.c:413:25:raw_log_writer_start_payloads_async	120	static
../Core/Src/raw_log_writer.c:516:25:raw_log_writer_start_payload_async	32	static
../Core/Src/raw_log_writer.c:532:25:raw_log_writer_service_async	24	static
../Core/Src/raw_log_writer.c:608:6:raw_log_writer_fill_test_payload	32	static
