../Core/Src/raw_diskio.c:10:12:raw_sd_is_word_aligned	16	static
../Core/Src/raw_diskio.c:15:24:raw_sd_apply_transfer_clock	16	static
../Core/Src/raw_diskio.c:36:24:raw_sd_apply_bus_width	24	static
../Core/Src/raw_diskio.c:59:10:raw_sd_get_last_error	4	static
../Core/Src/raw_diskio.c:64:25:raw_sd_get_card_state	8	static
../Core/Src/raw_diskio.c:69:6:raw_sd_get_card_info	16	static
../Core/Src/raw_diskio.c:77:17:raw_sd_wait_ready	24	static
../Core/Src/raw_diskio.c:95:17:raw_sd_init	16	static
../Core/Src/raw_diskio.c:114:17:raw_sd_reconfigure	24	static
../Core/Src/raw_diskio.c:151:17:raw_sd_read_blocks	40	static
../Core/Src/raw_diskio.c:183:17:raw_sd_write_blocks	40	static
